 STUHFL

 Timestamp is 604f4dc6 (Mon Mar 15 13:06:30 2021)

 Preferred load address is 0000000180000000

 Start         Length     Name                   Class
 0001:00000000 00010000H .textbss                DATA
 0002:00000000 0001bcc0H .text$mn                CODE
 0002:0001bcc0 00001040H .text$mn$00             CODE
 0002:0001cd00 00001141H .text$x                 CODE
 0003:00000000 00000110H .CRT$XCA                DATA
 0003:00000110 00000110H .CRT$XCZ                DATA
 0003:00000220 00000110H .CRT$XIA                DATA
 0003:00000330 00000110H .CRT$XIZ                DATA
 0003:00000440 00000110H .CRT$XPA                DATA
 0003:00000550 00000110H .CRT$XPZ                DATA
 0003:00000660 00000110H .CRT$XTA                DATA
 0003:00000770 00000110H .CRT$XTZ                DATA
 0003:00000880 00006c00H .rdata                  DATA
 0003:00007480 00000110H .rdata$CastGuardVftablesA DATA
 0003:00007590 0000010cH .rdata$CastGuardVftablesC DATA
 0003:0000769c 00000194H .rdata$zzzdbg           DATA
 0003:00007830 00000110H .rtc$IAA                DATA
 0003:00007940 000001b0H .rtc$IMZ                DATA
 0003:00007af0 00000110H .rtc$IZZ                DATA
 0003:00007c00 00000110H .rtc$TAA                DATA
 0003:00007d10 000001b0H .rtc$TMZ                DATA
 0003:00007ec0 00000110H .rtc$TZZ                DATA
 0003:00007fd0 000017c0H .xdata                  DATA
 0003:00009790 000010e6H .edata                  DATA
 0004:00000000 000001a0H .data                   DATA
 0004:000001a0 00002760H .bss                    DATA
 0005:00000000 000029acH .pdata                  DATA
 0006:00000000 000003d0H .idata$5                DATA
 0006:000003d0 0000003cH .idata$2                DATA
 0006:0000040c 00000014H .idata$3                DATA
 0006:00000420 000003d0H .idata$4                DATA
 0006:000007f0 0000077dH .idata$6                DATA
 0007:00000000 000001b0H .msvcjmc                DATA
 0008:00000000 00000151H .00cfg                  DATA
 0009:00000000 00000170H .rsrc$01                DATA
 0009:00000170 000002ccH .rsrc$02                DATA

  Address         Publics by Value              Rva+Base               Lib:Object

 0000:00000000       __enclave_config           0000000000000000     <absolute>
 0000:00000000       __x64_code_ranges_to_entry_points 0000000000000000     <absolute>
 0000:00000000       __guard_longjmp_table      0000000000000000     <absolute>
 0000:00000000       __guard_fids_table         0000000000000000     <absolute>
 0000:00000000       __guard_fids_count         0000000000000000     <absolute>
 0000:00000000       __AbsoluteZero             0000000000000000     <absolute>
 0000:00000000       __arm64x_extra_rfe_table   0000000000000000     <absolute>
 0000:00000000       __arm64x_redirection_metadata 0000000000000000     <absolute>
 0000:00000000       __guard_iat_count          0000000000000000     <absolute>
 0000:00000000       __hybrid_code_map          0000000000000000     <absolute>
 0000:00000000       __volatile_metadata        0000000000000000     <absolute>
 0000:00000000       __guard_longjmp_count      0000000000000000     <absolute>
 0000:00000000       __guard_iat_table          0000000000000000     <absolute>
 0000:00000000       __arm64x_extra_rfe_table_size 0000000000000000     <absolute>
 0000:00000000       ___safe_se_handler_count   0000000000000000     <absolute>
 0000:00000000       __arm64x_redirection_metadata_count 0000000000000000     <absolute>
 0000:00000000       __guard_check_icall_a64n_fptr 0000000000000000     <absolute>
 0000:00000000       __guard_eh_cont_table      0000000000000000     <absolute>
 0000:00000000       __hybrid_code_map_count    0000000000000000     <absolute>
 0000:00000000       __guard_eh_cont_count      0000000000000000     <absolute>
 0000:00000000       ___safe_se_handler_table   0000000000000000     <absolute>
 0000:00000000       __hybrid_auxiliary_iat_copy 0000000000000000     <absolute>
 0000:00000000       __dynamic_value_reloc_table 0000000000000000     <absolute>
 0000:00000000       __arm64x_native_entrypoint 0000000000000000     <absolute>
 0000:00000000       __x64_code_ranges_to_entry_points_count 0000000000000000     <absolute>
 0000:00000000       __hybrid_auxiliary_iat     0000000000000000     <absolute>
 0000:00000100       __guard_flags              0000000000000100     <absolute>
 0000:00000000       __ImageBase                0000000180000000     <linker-defined>
 0001:00000000       __enc$textbss$begin        0000000180001000     <linker-defined>
 0001:00010000       __enc$textbss$end          0000000180011000     <linker-defined>
 0002:00000db0       STUHFL_F_Connect_Win32     0000000180011db0 f   stuhfl_bl_win32.obj
 0002:00001040       STUHFL_F_Disconnect_Win32  0000000180012040 f   stuhfl_bl_win32.obj
 0002:000010f0       STUHFL_F_GetDTR_Win32      00000001800120f0 f   stuhfl_bl_win32.obj
 0002:00001200       STUHFL_F_GetRTS_Win32      0000000180012200 f   stuhfl_bl_win32.obj
 0002:00001310       STUHFL_F_GetTimeouts_Win32 0000000180012310 f   stuhfl_bl_win32.obj
 0002:000013a0       STUHFL_F_RcvRaw_Win32      00000001800123a0 f   stuhfl_bl_win32.obj
 0002:00001550       STUHFL_F_Reset_Win32       0000000180012550 f   stuhfl_bl_win32.obj
 0002:00001660       STUHFL_F_SetDTR_Win32      0000000180012660 f   stuhfl_bl_win32.obj
 0002:00001750       STUHFL_F_SetRTS_Win32      0000000180012750 f   stuhfl_bl_win32.obj
 0002:00001840       STUHFL_F_SetTimeouts_Win32 0000000180012840 f   stuhfl_bl_win32.obj
 0002:00001980       STUHFL_F_SndRaw_Win32      0000000180012980 f   stuhfl_bl_win32.obj
 0002:00001af0       __JustMyCode_Default       0000000180012af0 f i stuhfl_bl_win32.obj
 0002:00001b00       getMilliCount              0000000180012b00 f   stuhfl_platform.obj
 0002:00001b50       getMilliSpan               0000000180012b50 f   stuhfl_platform.obj
 0002:00001bf0       usleep                     0000000180012bf0 f   stuhfl_platform.obj
 0002:00001d00       DllMain                    0000000180012d00 f   stuhfl.obj
 0002:00001d70       STUHFL_F_GetLibVersion     0000000180012d70 f   stuhfl.obj
 0002:00001dc0       STUHFL_F_Start             0000000180012dc0 f   stuhfl_al.obj
 0002:00001e90       STUHFL_F_Start_OOP         0000000180012e90 f   stuhfl_al.obj
 0002:00002080       STUHFL_F_Stop              0000000180013080 f   stuhfl_al.obj
 0002:00002180       threadInventoryFunc        0000000180013180 f   stuhfl_al.obj
 0002:00002350       GetParam_RcvPayload_TYPE_ST25RU3993 0000000180013350 f   stuhfl_dl.obj
 0002:000046a0       GetParam_SndPayload_TYPE_ST25RU3993 00000001800156a0 f   stuhfl_dl.obj
 0002:000052c0       STUHFL_F_Connect           00000001800162c0 f   stuhfl_dl.obj
 0002:000053f0       STUHFL_F_Disconnect        00000001800163f0 f   stuhfl_dl.obj
 0002:00005490       STUHFL_F_EnterBootloader   0000000180016490 f   stuhfl_dl.obj
 0002:00005550       STUHFL_F_ExecuteCmd        0000000180016550 f   stuhfl_dl.obj
 0002:00005600       STUHFL_F_GetCtx            0000000180016600 f   stuhfl_dl.obj
 0002:00005680       STUHFL_F_GetInfo           0000000180016680 f   stuhfl_dl.obj
 0002:00005900       STUHFL_F_GetMultipleParams 0000000180016900 f   stuhfl_dl.obj
 0002:00006120       STUHFL_F_GetParam          0000000180017120 f   stuhfl_dl.obj
 0002:000061a0       STUHFL_F_GetParamInfo      00000001800171a0 f   stuhfl_dl.obj
 0002:00006430       STUHFL_F_GetRawData        0000000180017430 f   stuhfl_dl.obj
 0002:000065b0       STUHFL_F_GetVersion        00000001800175b0 f   stuhfl_dl.obj
 0002:00006a30       STUHFL_F_GetVersionOld     0000000180017a30 f   stuhfl_dl.obj
 0002:00006da0       STUHFL_F_Reboot            0000000180017da0 f   stuhfl_dl.obj
 0002:00006e60       STUHFL_F_ReceiveCmdData    0000000180017e60 f   stuhfl_dl.obj
 0002:00007a30       STUHFL_F_Reset             0000000180018a30 f   stuhfl_dl.obj
 0002:00007b10       STUHFL_F_SendCmd           0000000180018b10 f   stuhfl_dl.obj
 0002:00008080       STUHFL_F_SetMultipleParams 0000000180019080 f   stuhfl_dl.obj
 0002:00008890       STUHFL_F_SetParam          0000000180019890 f   stuhfl_dl.obj
 0002:00008910       STUHFL_F_Upgrade           0000000180019910 f   stuhfl_dl.obj
 0002:000089b0       SetParam_RcvPayload_TYPE_ST25RU3993 00000001800199b0 f   stuhfl_dl.obj
 0002:00008b40       SetParam_SndPayload_TYPE_ST25RU3993 0000000180019b40 f   stuhfl_dl.obj
 0002:0000ace0       Connect                    000000018001bce0 f   stuhfl_evalAPI_host.obj
 0002:0000ae70       Disconnect                 000000018001be70 f   stuhfl_evalAPI_host.obj
 0002:0000aec0       EnterBootloader            000000018001bec0 f   stuhfl_evalAPI_host.obj
 0002:0000af40       Gb29768_Erase              000000018001bf40 f   stuhfl_evalAPI_host.obj
 0002:0000b080       Gb29768_Inventory          000000018001c080 f   stuhfl_evalAPI_host.obj
 0002:0000b280       Gb29768_Kill               000000018001c280 f   stuhfl_evalAPI_host.obj
 0002:0000b390       Gb29768_Lock               000000018001c390 f   stuhfl_evalAPI_host.obj
 0002:0000b4e0       Gb29768_Read               000000018001c4e0 f   stuhfl_evalAPI_host.obj
 0002:0000b690       Gb29768_Sort               000000018001c690 f   stuhfl_evalAPI_host.obj
 0002:0000b7c0       Gb29768_Write              000000018001c7c0 f   stuhfl_evalAPI_host.obj
 0002:0000b950       Gen2_BlockWrite            000000018001c950 f   stuhfl_evalAPI_host.obj
 0002:0000bb40       Gen2_GenericCmd            000000018001cb40 f   stuhfl_evalAPI_host.obj
 0002:0000bdd0       Gen2_Inventory             000000018001cdd0 f   stuhfl_evalAPI_host.obj
 0002:0000bff0       Gen2_Kill                  000000018001cff0 f   stuhfl_evalAPI_host.obj
 0002:0000c160       Gen2_Lock                  000000018001d160 f   stuhfl_evalAPI_host.obj
 0002:0000c300       Gen2_QueryMeasureRssi      000000018001d300 f   stuhfl_evalAPI_host.obj
 0002:0000c5c0       Gen2_Read                  000000018001d5c0 f   stuhfl_evalAPI_host.obj
 0002:0000c770       Gen2_Select                000000018001d770 f   stuhfl_evalAPI_host.obj
 0002:0000c8c0       Gen2_Write                 000000018001d8c0 f   stuhfl_evalAPI_host.obj
 0002:0000ca70       GetAntennaPower            000000018001da70 f   stuhfl_evalAPI_host.obj
 0002:0000cb50       GetBoardInfo               000000018001db50 f   stuhfl_evalAPI_host.obj
 0002:0000cc80       GetBoardVersion            000000018001dc80 f   stuhfl_evalAPI_host.obj
 0002:0000ce70       GetChannelList             000000018001de70 f   stuhfl_evalAPI_host.obj
 0002:0000d030       GetFreqHop                 000000018001e030 f   stuhfl_evalAPI_host.obj
 0002:0000d0e0       GetFreqLBT                 000000018001e0e0 f   stuhfl_evalAPI_host.obj
 0002:0000d1d0       GetFreqProfileInfo         000000018001e1d0 f   stuhfl_evalAPI_host.obj
 0002:0000d2c0       GetFreqRSSI                000000018001e2c0 f   stuhfl_evalAPI_host.obj
 0002:0000d3a0       GetFreqReflectedPower      000000018001e3a0 f   stuhfl_evalAPI_host.obj
 0002:0000d490       GetGb29768InventoryCfg     000000018001e490 f   stuhfl_evalAPI_host.obj
 0002:0000d6f0       GetGb29768ProtocolCfg      000000018001e6f0 f   stuhfl_evalAPI_host.obj
 0002:0000d7e0       GetGen2InventoryCfg        000000018001e7e0 f   stuhfl_evalAPI_host.obj
 0002:0000e120       GetGen2ProtocolCfg         000000018001f120 f   stuhfl_evalAPI_host.obj
 0002:0000e210       GetGen2Timings             000000018001f210 f   stuhfl_evalAPI_host.obj
 0002:0000e2c0       GetPA_Cfg                  000000018001f2c0 f   stuhfl_evalAPI_host.obj
 0002:0000e370       GetRegister                000000018001f370 f   stuhfl_evalAPI_host.obj
 0002:0000e440       GetRegisterMultiple        000000018001f440 f   stuhfl_evalAPI_host.obj
 0002:0000e680       GetRwdCfg                  000000018001f680 f   stuhfl_evalAPI_host.obj
 0002:0000e750       GetTuning                  000000018001f750 f   stuhfl_evalAPI_host.obj
 0002:0000e840       GetTuningCaps              000000018001f840 f   stuhfl_evalAPI_host.obj
 0002:0000e960       GetTuningTableEntry        000000018001f960 f   stuhfl_evalAPI_host.obj
 0002:0000ec20       GetTuningTableInfo         000000018001fc20 f   stuhfl_evalAPI_host.obj
 0002:0000ecf0       GetTxRxCfg                 000000018001fcf0 f   stuhfl_evalAPI_host.obj
 0002:0000ede0       InventoryRunnerStart       000000018001fde0 f   stuhfl_evalAPI_host.obj
 0002:0000ef90       InventoryRunnerStop        000000018001ff90 f   stuhfl_evalAPI_host.obj
 0002:0000f020       Reboot                     0000000180020020 f   stuhfl_evalAPI_host.obj
 0002:0000f0a0       SetAntennaPower            00000001800200a0 f   stuhfl_evalAPI_host.obj
 0002:0000f230       SetChannelList             0000000180020230 f   stuhfl_evalAPI_host.obj
 0002:0000f3f0       SetFreqContMod             00000001800203f0 f   stuhfl_evalAPI_host.obj
 0002:0000f5a0       SetFreqHop                 00000001800205a0 f   stuhfl_evalAPI_host.obj
 0002:0000f650       SetFreqLBT                 0000000180020650 f   stuhfl_evalAPI_host.obj
 0002:0000f740       SetFreqProfile             0000000180020740 f   stuhfl_evalAPI_host.obj
 0002:0000f7f0       SetFreqProfileAdd2Custom   00000001800207f0 f   stuhfl_evalAPI_host.obj
 0002:0000f8c0       SetGb29768InventoryCfg     00000001800208c0 f   stuhfl_evalAPI_host.obj
 0002:0000fb20       SetGb29768ProtocolCfg      0000000180020b20 f   stuhfl_evalAPI_host.obj
 0002:0000fc10       SetGen2InventoryCfg        0000000180020c10 f   stuhfl_evalAPI_host.obj
 0002:00010550       SetGen2ProtocolCfg         0000000180021550 f   stuhfl_evalAPI_host.obj
 0002:00010640       SetGen2Timings             0000000180021640 f   stuhfl_evalAPI_host.obj
 0002:000106f0       SetPA_Cfg                  00000001800216f0 f   stuhfl_evalAPI_host.obj
 0002:000107a0       SetRegister                00000001800217a0 f   stuhfl_evalAPI_host.obj
 0002:00010870       SetRegisterMultiple        0000000180021870 f   stuhfl_evalAPI_host.obj
 0002:00010ab0       SetRwdCfg                  0000000180021ab0 f   stuhfl_evalAPI_host.obj
 0002:00010b80       SetTuning                  0000000180021b80 f   stuhfl_evalAPI_host.obj
 0002:00010c70       SetTuningCaps              0000000180021c70 f   stuhfl_evalAPI_host.obj
 0002:00010d90       SetTuningTableDefault      0000000180021d90 f   stuhfl_evalAPI_host.obj
 0002:00010e60       SetTuningTableEmpty        0000000180021e60 f   stuhfl_evalAPI_host.obj
 0002:00010ef0       SetTuningTableEntry        0000000180021ef0 f   stuhfl_evalAPI_host.obj
 0002:000111b0       SetTuningTableSave2Flash   00000001800221b0 f   stuhfl_evalAPI_host.obj
 0002:00011240       SetTxRxCfg                 0000000180022240 f   stuhfl_evalAPI_host.obj
 0002:00011330       Tune                       0000000180022330 f   stuhfl_evalAPI_host.obj
 0002:000114e0       TuneChannel                00000001800224e0 f   stuhfl_evalAPI_host.obj
 0002:000116a0       __local_stdio_printf_options 00000001800226a0 f i stuhfl_evalAPI_host.obj
 0002:000116f0       _finishedCallback          00000001800226f0 f   stuhfl_evalAPI_host.obj
 0002:00011770       snprintf                   0000000180022770 f i stuhfl_evalAPI_host.obj
 0002:00011860       vsnprintf                  0000000180022860 f i stuhfl_evalAPI_host.obj
 0002:00011940       addTlv16                   0000000180022940 f   stuhfl_helpers.obj
 0002:00011a30       addTlv32                   0000000180022a30 f   stuhfl_helpers.obj
 0002:00011b20       addTlv8                    0000000180022b20 f   stuhfl_helpers.obj
 0002:00011c00       addTlvExt                  0000000180022c00 f   stuhfl_helpers.obj
 0002:00011d80       addTlvExt2                 0000000180022d80 f   stuhfl_helpers.obj
 0002:00011f90       byteArray2HexString        0000000180022f90 f   stuhfl_helpers.obj
 0002:000120d0       getTlv16                   00000001800230d0 f   stuhfl_helpers.obj
 0002:000121a0       getTlv32                   00000001800231a0 f   stuhfl_helpers.obj
 0002:00012280       getTlv8                    0000000180023280 f   stuhfl_helpers.obj
 0002:00012370       getTlvExt                  0000000180023370 f   stuhfl_helpers.obj
 0002:00012550       getTlvLen                  0000000180023550 f   stuhfl_helpers.obj
 0002:00012680       getTlvTag                  0000000180023680 f   stuhfl_helpers.obj
 0002:000126f0       STUHFL_F_DisableLog        00000001800236f0 f   stuhfl_log.obj
 0002:00012750       STUHFL_F_EnableLog         0000000180023750 f   stuhfl_log.obj
 0002:000127f0       STUHFL_F_EnableLog_OOP     00000001800237f0 f   stuhfl_log.obj
 0002:00012900       STUHFL_F_IsLogEnabled      0000000180023900 f   stuhfl_log.obj
 0002:000129b0       STUHFL_F_IsLogLevelSupported 00000001800239b0 f   stuhfl_log.obj
 0002:00012a30       STUHFL_F_LogAppend         0000000180023a30 f   stuhfl_log.obj
 0002:00012d20       STUHFL_F_LogClear          0000000180023d20 f   stuhfl_log.obj
 0002:00012e10       STUHFL_F_LogFlush          0000000180023e10 f   stuhfl_log.obj
 0002:00013010       STUHFL_F_LogLevel2Idx      0000000180024010 f   stuhfl_log.obj
 0002:00013150       STUHFL_F_LogLevel2Txt      0000000180024150 f   stuhfl_log.obj
 0002:000132e0       STUHFL_F_Connect_Dispatcher 00000001800242e0 f   stuhfl_pl.obj
 0002:00013520       STUHFL_F_Disconnect_Dispatcher 0000000180024520 f   stuhfl_pl.obj
 0002:00013580       STUHFL_F_GetParam_Dispatcher 0000000180024580 f   stuhfl_pl.obj
 0002:000138b0       STUHFL_F_Get_RcvCmd        00000001800248b0 f   stuhfl_pl.obj
 0002:00013930       STUHFL_F_Get_RcvPayloadPtr 0000000180024930 f   stuhfl_pl.obj
 0002:00013990       STUHFL_F_Get_RcvStatus     0000000180024990 f   stuhfl_pl.obj
 0002:00013a20       STUHFL_F_Get_SndPayloadPtr 0000000180024a20 f   stuhfl_pl.obj
 0002:00013a80       STUHFL_F_RcvRaw_Dispatcher 0000000180024a80 f   stuhfl_pl.obj
 0002:00013b00       STUHFL_F_Rcv_Dispatcher    0000000180024b00 f   stuhfl_pl.obj
 0002:00014060       STUHFL_F_Reset_Dispatcher  0000000180025060 f   stuhfl_pl.obj
 0002:000140d0       STUHFL_F_SetParam_Dispatcher 00000001800250d0 f   stuhfl_pl.obj
 0002:00014440       STUHFL_F_SndRaw_Dispatcher 0000000180025440 f   stuhfl_pl.obj
 0002:000144c0       STUHFL_F_Snd_Dispatcher    00000001800254c0 f   stuhfl_pl.obj
 0002:00014660       encodeSndFrame             0000000180025660 f   stuhfl_pl.obj
 0002:00014a40       STUHFL_F_Gb29768_Erase     0000000180025a40 f   stuhfl_sl.obj
 0002:00014b90       STUHFL_F_Gb29768_Inventory 0000000180025b90 f   stuhfl_sl.obj
 0002:00014da0       STUHFL_F_Gb29768_Kill      0000000180025da0 f   stuhfl_sl.obj
 0002:00014eb0       STUHFL_F_Gb29768_Lock      0000000180025eb0 f   stuhfl_sl.obj
 0002:00015000       STUHFL_F_Gb29768_Read      0000000180026000 f   stuhfl_sl.obj
 0002:000151c0       STUHFL_F_Gb29768_Sort      00000001800261c0 f   stuhfl_sl.obj
 0002:00015300       STUHFL_F_Gb29768_Write     0000000180026300 f   stuhfl_sl.obj
 0002:000154a0       STUHFL_F_Gen2_BlockWrite   00000001800264a0 f   stuhfl_sl.obj
 0002:000156a0       STUHFL_F_Gen2_GenericCmd   00000001800266a0 f   stuhfl_sl.obj
 0002:00015940       STUHFL_F_Gen2_Inventory    0000000180026940 f   stuhfl_sl.obj
 0002:00015b70       STUHFL_F_Gen2_Kill         0000000180026b70 f   stuhfl_sl.obj
 0002:00015ce0       STUHFL_F_Gen2_Lock         0000000180026ce0 f   stuhfl_sl.obj
 0002:00015e90       STUHFL_F_Gen2_QueryMeasureRssi 0000000180026e90 f   stuhfl_sl.obj
 0002:00016160       STUHFL_F_Gen2_Read         0000000180027160 f   stuhfl_sl.obj
 0002:00016320       STUHFL_F_Gen2_Select       0000000180027320 f   stuhfl_sl.obj
 0002:00016470       STUHFL_F_Gen2_Write        0000000180027470 f   stuhfl_sl.obj
 0002:00016624       CreateFileA                0000000180027624 f   kernel32:KERNEL32.dll
 0002:0001662a       ReadFile                   000000018002762a f   kernel32:KERNEL32.dll
 0002:00016630       WriteFile                  0000000180027630 f   kernel32:KERNEL32.dll
 0002:00016636       CloseHandle                0000000180027636 f   kernel32:KERNEL32.dll
 0002:0001663c       ClearCommError             000000018002763c f   kernel32:KERNEL32.dll
 0002:00016642       SetupComm                  0000000180027642 f   kernel32:KERNEL32.dll
 0002:00016648       EscapeCommFunction         0000000180027648 f   kernel32:KERNEL32.dll
 0002:0001664e       GetCommState               000000018002764e f   kernel32:KERNEL32.dll
 0002:00016654       GetCommTimeouts            0000000180027654 f   kernel32:KERNEL32.dll
 0002:0001665a       PurgeComm                  000000018002765a f   kernel32:KERNEL32.dll
 0002:00016660       SetCommState               0000000180027660 f   kernel32:KERNEL32.dll
 0002:00016666       SetCommTimeouts            0000000180027666 f   kernel32:KERNEL32.dll
 0002:0001666c       WaitForSingleObject        000000018002766c f   kernel32:KERNEL32.dll
 0002:00016672       SetWaitableTimer           0000000180027672 f   kernel32:KERNEL32.dll
 0002:00016678       GetTickCount               0000000180027678 f   kernel32:KERNEL32.dll
 0002:0001667e       CreateWaitableTimerA       000000018002767e f   kernel32:KERNEL32.dll
 0002:00016684       CreateThread               0000000180027684 f   kernel32:KERNEL32.dll
 0002:00016690       _RTC_AllocaHelper          0000000180027690 f   MSVCRTD:stack.obj
 0002:000166e0       _RTC_CheckStackVars        00000001800276e0 f   MSVCRTD:stack.obj
 0002:00016790       _RTC_CheckStackVars2       0000000180027790 f   MSVCRTD:stack.obj
 0002:000168e0       _CRT_RTC_INIT              00000001800278e0 f   MSVCRTD:init.obj
 0002:000168f0       _CRT_RTC_INITW             00000001800278f0 f   MSVCRTD:init.obj
 0002:00016900       _RTC_InitBase              0000000180027900 f   MSVCRTD:init.obj
 0002:00016950       _RTC_Shutdown              0000000180027950 f   MSVCRTD:init.obj
 0002:00016980       __CheckForDebuggerJustMyCode 0000000180027980 f   MSVCRTD:debugger_jmc.obj
 0002:000169d0       __GSHandlerCheck           00000001800279d0 f   MSVCRTD:gshandler.obj
 0002:00016a20       __GSHandlerCheckCommon     0000000180027a20 f   MSVCRTD:gshandler.obj
 0002:00016b70       __security_check_cookie    0000000180027b70 f   MSVCRTD:amdsecgs.obj
 0002:000170a0       _CRT_INIT                  00000001800280a0 f   MSVCRTD:dll_dllmain.obj
 0002:000170e0       _DllMainCRTStartup         00000001800280e0 f   MSVCRTD:dll_dllmain.obj
 0002:000171e0       ?_RTC_AllocaFailure@@YAXPEAXPEAU_RTC_ALLOCA_NODE@@H@Z 00000001800281e0 f   MSVCRTD:error.obj
 0002:00017390       ?_RTC_Failure@@YAXPEAXH@Z  0000000180028390 f   MSVCRTD:error.obj
 0002:00017400       ?_RTC_StackFailure@@YAXPEAXPEBD@Z 0000000180028400 f   MSVCRTD:error.obj
 0002:00017940       _RTC_UninitUse             0000000180028940 f   MSVCRTD:error.obj
 0002:00017a40       _vsprintf_s_l              0000000180028a40 f i MSVCRTD:error.obj
 0002:00017ac0       sprintf_s                  0000000180028ac0 f i MSVCRTD:error.obj
 0002:00017af0       ?_RTC_GetErrorFunc@@YAP6AHHPEBDH00ZZPEBX@Z 0000000180028af0 f   MSVCRTD:userapi.obj
 0002:00017b00       ?_RTC_GetErrorFuncW@@YAP6AHHPEB_WH00ZZPEBX@Z 0000000180028b00 f   MSVCRTD:userapi.obj
 0002:00017b10       _RTC_GetErrDesc            0000000180028b10 f   MSVCRTD:userapi.obj
 0002:00017b30       _RTC_NumErrors             0000000180028b30 f   MSVCRTD:userapi.obj
 0002:00017b40       _RTC_SetErrorFunc          0000000180028b40 f   MSVCRTD:userapi.obj
 0002:00017b60       _RTC_SetErrorFuncW         0000000180028b60 f   MSVCRTD:userapi.obj
 0002:00017b80       _RTC_SetErrorType          0000000180028b80 f   MSVCRTD:userapi.obj
 0002:00017bb0       __raise_securityfailure    0000000180028bb0 f   MSVCRTD:gs_report.obj
 0002:00017c00       __report_gsfailure         0000000180028c00 f   MSVCRTD:gs_report.obj
 0002:00017d10       __report_rangecheckfailure 0000000180028d10 f   MSVCRTD:gs_report.obj
 0002:00017d30       __report_securityfailure   0000000180028d30 f   MSVCRTD:gs_report.obj
 0002:00017e00       __report_securityfailureEx 0000000180028e00 f   MSVCRTD:gs_report.obj
 0002:000181f0       __security_init_cookie     00000001800291f0 f   MSVCRTD:gs_support.obj
 0002:00018290       ?__scrt_initialize_type_info@@YAXXZ 0000000180029290 f   MSVCRTD:tncleanup.obj
 0002:000182b0       ?__scrt_uninitialize_type_info@@YAXXZ 00000001800292b0 f   MSVCRTD:tncleanup.obj
 0002:000182d0       __local_stdio_scanf_options 00000001800292d0 f i MSVCRTD:default_local_stdio_options.obj
 0002:000182e0       __scrt_initialize_default_local_stdio_options 00000001800292e0 f   MSVCRTD:default_local_stdio_options.obj
 0002:00018340       ?configure_argv@__scrt_narrow_argv_policy@@SAHXZ 0000000180029340 f i MSVCRTD:utility.obj
 0002:00018460       ?initialize_environment@__scrt_narrow_environment_policy@@SAHXZ 0000000180029460 f i MSVCRTD:utility.obj
 0002:00018530       NtCurrentTeb               0000000180029530 f i MSVCRTD:utility.obj
 0002:00018540       __scrt_acquire_startup_lock 0000000180029540 f   MSVCRTD:utility.obj
 0002:000185c0       __scrt_dllmain_after_initialize_c 00000001800295c0 f   MSVCRTD:utility.obj
 0002:00018600       __scrt_dllmain_before_initialize_c 0000000180029600 f   MSVCRTD:utility.obj
 0002:00018630       __scrt_dllmain_crt_thread_attach 0000000180029630 f   MSVCRTD:utility.obj
 0002:00018670       __scrt_dllmain_crt_thread_detach 0000000180029670 f   MSVCRTD:utility.obj
 0002:00018690       __scrt_dllmain_exception_filter 0000000180029690 f   MSVCRTD:utility.obj
 0002:00018710       __scrt_dllmain_uninitialize_c 0000000180029710 f   MSVCRTD:utility.obj
 0002:00018750       __scrt_dllmain_uninitialize_critical 0000000180029750 f   MSVCRTD:utility.obj
 0002:00018770       __scrt_initialize_crt      0000000180029770 f   MSVCRTD:utility.obj
 0002:000187d0       __scrt_initialize_onexit_tables 00000001800297d0 f   MSVCRTD:utility.obj
 0002:00018920       __scrt_is_nonwritable_in_current_image 0000000180029920 f   MSVCRTD:utility.obj
 0002:000189d0       __scrt_release_startup_lock 00000001800299d0 f   MSVCRTD:utility.obj
 0002:00018a10       __scrt_uninitialize_crt    0000000180029a10 f   MSVCRTD:utility.obj
 0002:00018a60       _onexit                    0000000180029a60 f   MSVCRTD:utility.obj
 0002:00018b00       at_quick_exit              0000000180029b00 f   MSVCRTD:utility.obj
 0002:00018b60       atexit                     0000000180029b60 f   MSVCRTD:utility.obj
 0002:00018ba0       __scrt_get_dyn_tls_init_callback 0000000180029ba0 f   MSVCRTD:dyn_tls_init.obj
 0002:00018bb0       __crt_debugger_hook        0000000180029bb0 f   MSVCRTD:utility_desktop.obj
 0002:00018bd0       __scrt_fastfail            0000000180029bd0 f   MSVCRTD:utility_desktop.obj
 0002:00018dd0       __scrt_get_show_window_mode 0000000180029dd0 f   MSVCRTD:utility_desktop.obj
 0002:00018e40       __scrt_initialize_mta      0000000180029e40 f   MSVCRTD:utility_desktop.obj
 0002:00018e60       __scrt_initialize_winrt    0000000180029e60 f   MSVCRTD:utility_desktop.obj
 0002:00018e70       __scrt_is_managed_app      0000000180029e70 f   MSVCRTD:utility_desktop.obj
 0002:00018f40       __scrt_set_unhandled_exception_filter 0000000180029f40 f   MSVCRTD:utility_desktop.obj
 0002:00018f60       __scrt_stub_for_initialize_mta 0000000180029f60 f   MSVCRTD:utility_desktop.obj
 0002:00018f60       __scrt_exe_initialize_mta  0000000180029f60 f   MSVCRTD:utility_desktop.obj
 0002:00018f70       __scrt_unhandled_exception_filter 0000000180029f70 f   MSVCRTD:utility_desktop.obj
 0002:00019030       _RTC_Initialize            000000018002a030 f   MSVCRTD:initsect.obj
 0002:00019090       _RTC_Terminate             000000018002a090 f   MSVCRTD:initsect.obj
 0002:000190f0       _guard_check_icall_nop     000000018002a0f0 f i MSVCRTD:guard_support.obj
 0002:00019100       ReadNoFence64              000000018002a100 f i MSVCRTD:guard_support.obj
 0002:00019130       ReadPointerNoFence         000000018002a130 f i MSVCRTD:guard_support.obj
 0002:00019150       __castguard_check_failure_debugbreak 000000018002a150 f i MSVCRTD:guard_support.obj
 0002:00019180       __castguard_check_failure_fastfail 000000018002a180 f i MSVCRTD:guard_support.obj
 0002:000191b0       __castguard_check_failure_nop 000000018002a1b0 f i MSVCRTD:guard_support.obj
 0002:000191c0       __castguard_check_failure_os_handled 000000018002a1c0 f i MSVCRTD:guard_support.obj
 0002:000192b0       __castguard_slow_path_check_debugbreak 000000018002a2b0 f i MSVCRTD:guard_support.obj
 0002:00019300       __castguard_slow_path_check_fastfail 000000018002a300 f i MSVCRTD:guard_support.obj
 0002:00019360       __castguard_slow_path_check_nop 000000018002a360 f i MSVCRTD:guard_support.obj
 0002:00019380       __castguard_slow_path_check_os_handled 000000018002a380 f i MSVCRTD:guard_support.obj
 0002:00019490       _guard_icall_checks_enforced 000000018002a490 f i MSVCRTD:guard_support.obj
 0002:000194e0       _guard_rf_checks_enforced  000000018002a4e0 f i MSVCRTD:guard_support.obj
 0002:00019b40       ?_RTC_GetSrcLine@@YAHPEAEPEA_WKPEAH1K@Z 000000018002ab40 f   MSVCRTD:pdblkup.obj
 0002:0001a000       __isa_available_init       000000018002b000 f   MSVCRTD:cpu_disp.obj
 0002:0001a480       _get_startup_argv_mode     000000018002b480 f   MSVCRTD:argv_mode.obj
 0002:0001a490       __scrt_is_ucrt_dll_in_use  000000018002b490 f   MSVCRTD:ucrt_detection.obj
 0002:0001a4c0       memset                     000000018002b4c0 f   vcruntimed:VCRUNTIME140D.dll
 0002:0001a4c6       memcpy                     000000018002b4c6 f   vcruntimed:VCRUNTIME140D.dll
 0002:0001a4cc       __C_specific_handler       000000018002b4cc f   vcruntimed:VCRUNTIME140D.dll
 0002:0001a4d2       __C_specific_handler_noexcept 000000018002b4d2 f   vcruntimed:VCRUNTIME140D.dll
 0002:0001a4d8       __std_type_info_destroy_list 000000018002b4d8 f   vcruntimed:VCRUNTIME140D.dll
 0002:0001a4de       __current_exception        000000018002b4de f   vcruntimed:VCRUNTIME140D.dll
 0002:0001a4e4       __current_exception_context 000000018002b4e4 f   vcruntimed:VCRUNTIME140D.dll
 0002:0001a4ea       __vcrt_GetModuleFileNameW  000000018002b4ea f   vcruntimed:VCRUNTIME140D.dll
 0002:0001a4f0       __vcrt_GetModuleHandleW    000000018002b4f0 f   vcruntimed:VCRUNTIME140D.dll
 0002:0001a4f6       __vcrt_LoadLibraryExW      000000018002b4f6 f   vcruntimed:VCRUNTIME140D.dll
 0002:0001a4fc       strlen                     000000018002b4fc f   ucrtd:ucrtbased.dll
 0002:0001a502       __stdio_common_vsprintf    000000018002b502 f   ucrtd:ucrtbased.dll
 0002:0001a508       _CrtDbgReport              000000018002b508 f   ucrtd:ucrtbased.dll
 0002:0001a50e       _CrtDbgReportW             000000018002b50e f   ucrtd:ucrtbased.dll
 0002:0001a514       _initterm                  000000018002b514 f   ucrtd:ucrtbased.dll
 0002:0001a51a       _initterm_e                000000018002b51a f   ucrtd:ucrtbased.dll
 0002:0001a520       strcpy_s                   000000018002b520 f   ucrtd:ucrtbased.dll
 0002:0001a526       strcat_s                   000000018002b526 f   ucrtd:ucrtbased.dll
 0002:0001a52c       __stdio_common_vsprintf_s  000000018002b52c f   ucrtd:ucrtbased.dll
 0002:0001a532       _seh_filter_dll            000000018002b532 f   ucrtd:ucrtbased.dll
 0002:0001a538       _configure_narrow_argv     000000018002b538 f   ucrtd:ucrtbased.dll
 0002:0001a53e       _initialize_narrow_environment 000000018002b53e f   ucrtd:ucrtbased.dll
 0002:0001a544       _initialize_onexit_table   000000018002b544 f   ucrtd:ucrtbased.dll
 0002:0001a54a       _register_onexit_function  000000018002b54a f   ucrtd:ucrtbased.dll
 0002:0001a550       _execute_onexit_table      000000018002b550 f   ucrtd:ucrtbased.dll
 0002:0001a556       _crt_atexit                000000018002b556 f   ucrtd:ucrtbased.dll
 0002:0001a55c       _crt_at_quick_exit         000000018002b55c f   ucrtd:ucrtbased.dll
 0002:0001a562       _cexit                     000000018002b562 f   ucrtd:ucrtbased.dll
 0002:0001a568       terminate                  000000018002b568 f   ucrtd:ucrtbased.dll
 0002:0001a56e       _wmakepath_s               000000018002b56e f   ucrtd:ucrtbased.dll
 0002:0001a574       _wsplitpath_s              000000018002b574 f   ucrtd:ucrtbased.dll
 0002:0001a57a       wcscpy_s                   000000018002b57a f   ucrtd:ucrtbased.dll
 0002:0001a580       GetCurrentThreadId         000000018002b580 f   kernel32:KERNEL32.dll
 0002:0001a586       IsDebuggerPresent          000000018002b586 f   kernel32:KERNEL32.dll
 0002:0001a58c       RaiseException             000000018002b58c f   kernel32:KERNEL32.dll
 0002:0001a592       MultiByteToWideChar        000000018002b592 f   kernel32:KERNEL32.dll
 0002:0001a598       WideCharToMultiByte        000000018002b598 f   kernel32:KERNEL32.dll
 0002:0001a59e       RtlCaptureContext          000000018002b59e f   kernel32:KERNEL32.dll
 0002:0001a5a4       RtlLookupFunctionEntry     000000018002b5a4 f   kernel32:KERNEL32.dll
 0002:0001a5aa       RtlVirtualUnwind           000000018002b5aa f   kernel32:KERNEL32.dll
 0002:0001a5b0       UnhandledExceptionFilter   000000018002b5b0 f   kernel32:KERNEL32.dll
 0002:0001a5b6       SetUnhandledExceptionFilter 000000018002b5b6 f   kernel32:KERNEL32.dll
 0002:0001a5bc       GetCurrentProcess          000000018002b5bc f   kernel32:KERNEL32.dll
 0002:0001a5c2       TerminateProcess           000000018002b5c2 f   kernel32:KERNEL32.dll
 0002:0001a5c8       IsProcessorFeaturePresent  000000018002b5c8 f   kernel32:KERNEL32.dll
 0002:0001a5ce       QueryPerformanceCounter    000000018002b5ce f   kernel32:KERNEL32.dll
 0002:0001a5d4       GetCurrentProcessId        000000018002b5d4 f   kernel32:KERNEL32.dll
 0002:0001a5da       GetSystemTimeAsFileTime    000000018002b5da f   kernel32:KERNEL32.dll
 0002:0001a5e0       InitializeSListHead        000000018002b5e0 f   kernel32:KERNEL32.dll
 0002:0001a5e6       GetStartupInfoW            000000018002b5e6 f   kernel32:KERNEL32.dll
 0002:0001a5ec       GetModuleHandleW           000000018002b5ec f   kernel32:KERNEL32.dll
 0002:0001a5f2       GetLastError               000000018002b5f2 f   kernel32:KERNEL32.dll
 0002:0001a5f8       HeapAlloc                  000000018002b5f8 f   kernel32:KERNEL32.dll
 0002:0001a5fe       HeapFree                   000000018002b5fe f   kernel32:KERNEL32.dll
 0002:0001a604       GetProcessHeap             000000018002b604 f   kernel32:KERNEL32.dll
 0002:0001a60a       VirtualQuery               000000018002b60a f   kernel32:KERNEL32.dll
 0002:0001a610       FreeLibrary                000000018002b610 f   kernel32:KERNEL32.dll
 0002:0001a616       GetProcAddress             000000018002b616 f   kernel32:KERNEL32.dll
 0002:0001a620       __scrt_stub_for_acrt_initialize 000000018002b620 f   MSVCRTD:ucrt_stubs.obj
 0002:0001a620       __vcrt_initialize          000000018002b620 f   MSVCRTD:ucrt_stubs.obj
 0002:0001a620       __acrt_initialize          000000018002b620 f   MSVCRTD:ucrt_stubs.obj
 0002:0001a630       __vcrt_thread_attach       000000018002b630 f   MSVCRTD:ucrt_stubs.obj
 0002:0001a630       __acrt_thread_attach       000000018002b630 f   MSVCRTD:ucrt_stubs.obj
 0002:0001a630       __scrt_stub_for_acrt_thread_attach 000000018002b630 f   MSVCRTD:ucrt_stubs.obj
 0002:0001a640       __vcrt_thread_detach       000000018002b640 f   MSVCRTD:ucrt_stubs.obj
 0002:0001a640       __scrt_stub_for_acrt_thread_detach 000000018002b640 f   MSVCRTD:ucrt_stubs.obj
 0002:0001a640       __acrt_thread_detach       000000018002b640 f   MSVCRTD:ucrt_stubs.obj
 0002:0001a650       __scrt_stub_for_acrt_uninitialize 000000018002b650 f   MSVCRTD:ucrt_stubs.obj
 0002:0001a650       __vcrt_uninitialize        000000018002b650 f   MSVCRTD:ucrt_stubs.obj
 0002:0001a650       __acrt_uninitialize        000000018002b650 f   MSVCRTD:ucrt_stubs.obj
 0002:0001a660       __scrt_stub_for_acrt_uninitialize_critical 000000018002b660 f   MSVCRTD:ucrt_stubs.obj
 0002:0001a660       __vcrt_uninitialize_critical 000000018002b660 f   MSVCRTD:ucrt_stubs.obj
 0002:0001a660       __acrt_uninitialize_critical 000000018002b660 f   MSVCRTD:ucrt_stubs.obj
 0002:0001a670       _is_c_termination_complete 000000018002b670 f   MSVCRTD:ucrt_stubs.obj
 0002:0001a670       __scrt_stub_for_is_c_termination_complete 000000018002b670 f   MSVCRTD:ucrt_stubs.obj
 0002:0001bcd0       _guard_dispatch_icall_nop  000000018002ccd0 f   MSVCRTD:guard_dispatch.obj
 0002:0001bcf0       _guard_xfg_dispatch_icall_nop 000000018002ccf0 f   MSVCRTD:guard_xfg_dispatch.obj
 0003:00000000       __xc_a                     000000018002f000     MSVCRTD:initializers.obj
 0003:00000110       __xc_z                     000000018002f110     MSVCRTD:initializers.obj
 0003:00000220       __xi_a                     000000018002f220     MSVCRTD:initializers.obj
 0003:00000330       __xi_z                     000000018002f330     MSVCRTD:initializers.obj
 0003:00000440       __xp_a                     000000018002f440     MSVCRTD:initializers.obj
 0003:00000550       __xp_z                     000000018002f550     MSVCRTD:initializers.obj
 0003:00000660       __xt_a                     000000018002f660     MSVCRTD:initializers.obj
 0003:00000770       __xt_z                     000000018002f770     MSVCRTD:initializers.obj
 0003:00001760       ??_C@_0DF@NHKBIDO@STUHFL_F_GetRawData?$CI?$CKdata?5?$DN?50x?$CF@ 0000000180030760     stuhfl_dl.obj
 0003:000017a0       ??_C@_0HB@LDAMIINJ@STUHFL_F_Connect?$CIdevice?5?$DN?50x?$CFx?0@ 00000001800307a0     stuhfl_dl.obj
 0003:00001828       ??_C@_0CH@GABNGKPN@STUHFL_F_GetCtx?$CI?$CJ?5?4?4?5deviceCtx?5@ 0000000180030828     stuhfl_dl.obj
 0003:00001858       ??_C@_0CE@FNOPCDGM@STUHFL_F_Reset?$CIresetType?5?$DN?5?$CFd?$CJ?5@ 0000000180030858     stuhfl_dl.obj
 0003:00001888       ??_C@_0CL@DPFBLBBB@STUHFL_F_Disconnect?$CIdeviceCtx?5?$DN@ 0000000180030888     stuhfl_dl.obj
 0003:000018c0       ??_C@_0GO@OGIIMNBD@STUHFL_F_GetParamInfo?$CIparam?5?$DN?50@ 00000001800308c0     stuhfl_dl.obj
 0003:00001948       ??_C@_0DK@FIPNLMP@STUHFL_F_SetMultipleParams?$CIpara@ 0000000180030948     stuhfl_dl.obj
 0003:00001990       ??_C@_08FMGFPKAG@?5Port?3?$CFs@ 0000000180030990     stuhfl_dl.obj
 0003:000019a0       ??_C@_0N@EBLJLOJA@?5BaudRate?3?$CFs@ 00000001800309a0     stuhfl_dl.obj
 0003:000019b0       ??_C@_0P@PMAEFKC@?5RdTimeout?3?$CFd?5@ 00000001800309b0     stuhfl_dl.obj
 0003:000019c8       ??_C@_0P@ILGDCLMP@?5WdTimeout?3?$CFd?5@ 00000001800309c8     stuhfl_dl.obj
 0003:000019e0       ??_C@_08GCLHJMI@?5DTR?3?$CFd?5@ 00000001800309e0     stuhfl_dl.obj
 0003:000019f0       ??_C@_08HHKDJCMB@?5RTS?3?$CFd?5@ 00000001800309f0     stuhfl_dl.obj
 0003:000019fc       ??_C@_06PJIOKAFJ@?$CJ?5?$DN?5?$CFd@ 00000001800309fc     stuhfl_dl.obj
 0003:00001a08       ??_C@_0DK@MNMDLBDN@STUHFL_F_GetMultipleParams?$CIpara@ 0000000180030a08     stuhfl_dl.obj
 0003:00001a50       ??_C@_0N@EEDKDKAG@?5BaudRate?3?$CFd@ 0000000180030a50     stuhfl_dl.obj
 0003:00001a60       ??_C@_0DE@ILNIKILA@STUHFL_F_SendCmd?$CIcmd?5?$DN?50x?$CFx?0?5sn@ 0000000180030a60     stuhfl_dl.obj
 0003:00001aa0       ??_C@_0DH@EIOJAOEE@STUHFL_F_ReceiveCmd?$CIcmd?5?$DN?50x?$CFx?0@ 0000000180030aa0     stuhfl_dl.obj
 0003:00001ae8       ??_C@_0DC@MHMEJJDD@STUHFL_F_GetVersionOld?$CIswVersio@ 0000000180030ae8     stuhfl_dl.obj
 0003:00001b30       ??_C@_0EL@CEHBMBJM@STUHFL_F_GetVersion?$CIswVersion?5?$DN@ 0000000180030b30     stuhfl_dl.obj
 0003:00001b90       ??_C@_0DA@EKMGHIDG@STUHFL_F_GetInfo?$CIswInfo?5?$DN?5?$CFs?0?5h@ 0000000180030b90     stuhfl_dl.obj
 0003:00001bd0       ??_C@_0DI@ILDPBAJM@STUHFL_F_Upgrade?$CIfwData?5?$DN?50x?$CFx?0@ 0000000180030bd0     stuhfl_dl.obj
 0003:00001c18       ??_C@_0CA@JAKODGMH@STUHFL_F_EnterBootloader?$CI?$CJ?5?$DN?5?$CFd@ 0000000180030c18     stuhfl_dl.obj
 0003:00001c40       ??_C@_0BH@OJAFHCFH@STUHFL_F_Reboot?$CI?$CJ?5?$DN?5?$CFd@ 0000000180030c40     stuhfl_dl.obj
 0003:00001c60       ??_C@_0CG@GHJDNJKP@?5Register?$CIaddr?3?50x?$CF02x?0?5data?3?50@ 0000000180030c60     stuhfl_dl.obj
 0003:00001c90       ??_C@_0CD@JKPNPDLG@?5RwdCfg?$CIid?3?50x?$CF02x?0?5value?3?50x?$CF0@ 0000000180030c90     stuhfl_dl.obj
 0003:00001cc0       ??_C@_0DH@HJMACLNN@?5AntennaPower?$CImode?3?50x?$CF02x?5time@ 0000000180030cc0     stuhfl_dl.obj
 0003:00001d10       ??_C@_0HG@GFLHNAKN@?5ChannelList?$CIantenna?3?5?$CFd?0?5nFreq@ 0000000180030d10     stuhfl_dl.obj
 0003:00001da0       ??_C@_0BG@BFKEFHJG@?$CFd?3?$HL?$CFd?0?5?$CI?$CFd?0?$CFd?0?$CFd?$CJ?$HN?0?5@ 0000000180030da0     stuhfl_dl.obj
 0003:00001dc0       ??_C@_0BK@FCHDFGJL@?5FreqProfile?$CIprofile?3?5?$CFd?$CJ@ 0000000180030dc0     stuhfl_dl.obj
 0003:00001de0       ??_C@_0DB@KGJHDOMF@?5ProfileAdd2Custom?$CIclearList?3?5?$CF@ 0000000180030de0     stuhfl_dl.obj
 0003:00001e20       ??_C@_0BN@PLBPKKCI@?5FreqHop?$CImaxSendingTime?3?5?$CFd?$CJ@ 0000000180030e20     stuhfl_dl.obj
 0003:00001e50       ??_C@_0FC@CMAIDPAH@?5FreqLBT?$CIlisteningTime?3?5?$CFd?0?5idl@ 0000000180030e50     stuhfl_dl.obj
 0003:00001ec0       ??_C@_0FK@KBBIKEDO@?5FreqContMod?$CIfrequency?3?5?$CFd?0?5ena@ 0000000180030ec0     stuhfl_dl.obj
 0003:00001f30       ??_C@_0BL@LMNGBKBK@?5SetGen2Timings?$CIT4Min?3?5?$CFd?$CJ@ 0000000180030f30     stuhfl_dl.obj
 0003:00001f50       ??_C@_0DL@FGHFOOMN@?5Gen2ProtocolCfg?$CItari?3?5?$CFd?0?5blf?3@ 0000000180030f50     stuhfl_dl.obj
 0003:00001f98       ??_C@_0DM@IEKJMOJK@?5Gb29768ProtocolCfg?$CItc?3?5?$CFd?0?5blf@ 0000000180030f98     stuhfl_dl.obj
 0003:00001fe0       ??_C@_0FO@HEOIONMF@?5TxRxCfg?$CItxOutputLevel?3?5?$CFd?0?5rxS@ 0000000180030fe0     stuhfl_dl.obj
 0003:00002050       ??_C@_0BJ@GLHPFEJM@?5PA_Cfg?$CIuseExternal?3?5?$CFd?$CJ@ 0000000180031050     stuhfl_dl.obj
 0003:00002070       ??_C@_0BOD@GAPELIG@?5Gen2InventoryCfg?$CIfastInv?3?5?$CFd?0?5@ 0000000180031070     stuhfl_dl.obj
 0003:000022c0       ??_C@_0BEP@DIBHCKEG@?5Gb29768InventoryCfg?$CIreadTID?3?5?$CF@ 00000001800312c0     stuhfl_dl.obj
 0003:00002460       ??_C@_0EK@PLLAHEKC@?5TuningCaps?$CIantenna?3?5?$CFd?0?5channe@ 0000000180031460     stuhfl_dl.obj
 0003:000024b8       ??_C@_0DC@NNHOILAG@?5Tuning?$CIantenna?3?5?$CFd?0?5cin?3?5?$CFd?0?5c@ 00000001800314b8     stuhfl_dl.obj
 0003:00002500       ??_C@_0FE@NBIPKDKH@?5TuningTableEntry?$CIentry?3?5?$CFd?0?5fr@ 0000000180031500     stuhfl_dl.obj
 0003:00002568       ??_C@_0CL@DFKLOFMO@?5TuningTableDefault?$CIprofile?3?5?$CFd@ 0000000180031568     stuhfl_dl.obj
 0003:000025a0       ??_C@_0BJ@OCPNADEI@?5TuningTableSave2Flash?$CI?$CJ@ 00000001800315a0     stuhfl_dl.obj
 0003:000025c0       ??_C@_0BE@OLNCPOOL@?5TuningTableClear?$CI?$CJ@ 00000001800315c0     stuhfl_dl.obj
 0003:000025d8       ??_C@_0DF@PJNJCMJL@?5FreqRSSI?$CIfrequency?3?5?$CFd?0?5rssiLo@ 00000001800315d8     stuhfl_dl.obj
 0003:00002620       ??_C@_0FK@HBGMEOCC@?5FreqReflectedPower?$CIfrequency?3?5@ 0000000180031620     stuhfl_dl.obj
 0003:00002690       ??_C@_0EO@DHHMABEI@?5FreqProfileInfo?$CIprofile?3?5?$CFd?0?5m@ 0000000180031690     stuhfl_dl.obj
 0003:000026f0       ??_C@_0BL@DMBANHLM@?5GetGen2Timings?$CIT4Min?3?5?$CFd?$CJ@ 00000001800316f0     stuhfl_dl.obj
 0003:00002710       ??_C@_0EG@GIBKPCCI@?5Tuning?$CIantenna?3?5?$CFd?0?5channelLis@ 0000000180031710     stuhfl_dl.obj
 0003:00002768       ??_C@_0CO@IBMBGCIF@?5TuningTableInfo?$CIprofile?3?5?$CFd?0?5n@ 0000000180031768     stuhfl_dl.obj
 0003:00003498       ??_C@_0BH@JAPCOPIN@Connect?$CIPort?3?5?$CFs?$CJ?5?$DN?5?$CFd@ 0000000180032498     stuhfl_evalAPI_host.obj
 0003:000034c0       ??_C@_0EG@JLADHOAG@GetBoardVersion?$CIswVersion?3?5?$CFd?4?$CF@ 00000001800324c0     stuhfl_evalAPI_host.obj
 0003:00003518       ??_C@_0CM@OOBJGPIA@GetBoardInfo?$CISW?5Info?3?5?$CFs?0?5HW?5In@ 0000000180032518     stuhfl_evalAPI_host.obj
 0003:00003550       ??_C@_08LFPFJDNJ@Reboot?$CI?$CJ@ 0000000180032550     stuhfl_evalAPI_host.obj
 0003:00003560       ??_C@_0BC@NBOALPBF@EnterBootloader?$CI?$CJ@ 0000000180032560     stuhfl_evalAPI_host.obj
 0003:00003578       ??_C@_0CN@IHGPCJJP@SetRegister?$CIaddr?3?50x?$CF02x?0?5data?3@ 0000000180032578     stuhfl_evalAPI_host.obj
 0003:000035b0       ??_C@_0O@GDONLFG@?$FL?$CF02X?0?5?$CF02X?$FN?5@ 00000001800325b0     stuhfl_evalAPI_host.obj
 0003:000035c0       ??_C@_0CD@HEKNHPGD@SetRegister?$CI?$FLaddr?0?5data?$FN?3?5?$CFs?$CJ?5?$DN@ 00000001800325c0     stuhfl_evalAPI_host.obj
 0003:000035f0       ??_C@_0CN@FNGICBCC@GetRegister?$CIaddr?3?50x?$CF02x?0?5data?3@ 00000001800325f0     stuhfl_evalAPI_host.obj
 0003:00003628       ??_C@_0CD@LDMNGIIK@GetRegister?$CI?$FLaddr?0?5data?$FN?3?5?$CFs?$CJ?5?$DN@ 0000000180032628     stuhfl_evalAPI_host.obj
 0003:00003658       ??_C@_0CK@CMGNGDHL@SetRwdCfg?$CIid?3?50x?$CF02x?0?5value?3?50x@ 0000000180032658     stuhfl_evalAPI_host.obj
 0003:00003690       ??_C@_0CK@NGCOBDGO@GetRwdCfg?$CIid?3?50x?$CF02x?0?5value?3?50x@ 0000000180032690     stuhfl_evalAPI_host.obj
 0003:000036c8       ??_C@_0DO@CFGIOPGG@SetAntennaPower?$CImode?3?50x?$CF02x?5ti@ 00000001800326c8     stuhfl_evalAPI_host.obj
 0003:00003718       ??_C@_0DO@CKPFECKK@GetAntennaPower?$CImode?3?50x?$CF02x?5ti@ 0000000180032718     stuhfl_evalAPI_host.obj
 0003:00003770       ??_C@_0HI@DILBNAIE@SetChannelList?$CIantenna?3?5?$CFd?0?5nFr@ 0000000180032770     stuhfl_evalAPI_host.obj
 0003:00003800       ??_C@_0CB@CKLBKIH@SetFreqProfile?$CIprofile?3?5?$CFd?$CJ?5?$DN?5?$CF@ 0000000180032800     stuhfl_evalAPI_host.obj
 0003:00003828       ??_C@_0DM@NDICDPGL@SetFreqProfileAdd2Custom?$CIclearL@ 0000000180032828     stuhfl_evalAPI_host.obj
 0003:00003870       ??_C@_0CE@HCODBPMB@SetFreqHop?$CImaxSendingTime?3?5?$CFd?$CJ?5@ 0000000180032870     stuhfl_evalAPI_host.obj
 0003:000038a0       ??_C@_0FJ@FLFEMJME@SetFreqLBT?$CIlisteningTime?3?5?$CFd?0?5i@ 00000001800328a0     stuhfl_evalAPI_host.obj
 0003:00003910       ??_C@_0GB@IJBHCIDE@SetFreqContMod?$CIfrequency?3?5?$CFd?0?5e@ 0000000180032910     stuhfl_evalAPI_host.obj
 0003:00003990       ??_C@_0HI@LHLLKGFP@GetChannelList?$CIantenna?3?5?$CFd?0?5nFr@ 0000000180032990     stuhfl_evalAPI_host.obj
 0003:00003a20       ??_C@_0DM@CGOFFDGF@GetFreqRSSI?$CIfrequency?3?5?$CFd?0?5rssi@ 0000000180032a20     stuhfl_evalAPI_host.obj
 0003:00003a70       ??_C@_0GB@HMDMCMGJ@GetFreqReflectedPower?$CIfrequency@ 0000000180032a70     stuhfl_evalAPI_host.obj
 0003:00003af0       ??_C@_0FF@NOLOKBOO@GetFreqProfileInfo?$CIprofile?3?5?$CFd?0@ 0000000180032af0     stuhfl_evalAPI_host.obj
 0003:00003b58       ??_C@_0CE@KLPCCFAK@GetFreqHop?$CImaxSendingTime?3?5?$CFd?$CJ?5@ 0000000180032b58     stuhfl_evalAPI_host.obj
 0003:00003b90       ??_C@_0FJ@OFKHLOGA@GetFreqLBT?$CIlisteningTime?3?5?$CFd?0?5i@ 0000000180032b90     stuhfl_evalAPI_host.obj
 0003:00003c00       ??_C@_0BP@FPAJEILG@SetGen2Timings?$CIT4Min?3?5?$CFd?$CJ?5?$DN?5?$CFd@ 0000000180032c00     stuhfl_evalAPI_host.obj
 0003:00003c30       ??_C@_0EC@MEMELKKN@SetGen2ProtocolCfg?$CItari?3?5?$CFd?0?5bl@ 0000000180032c30     stuhfl_evalAPI_host.obj
 0003:00003c80       ??_C@_0ED@INBBDCDP@SetGb29768ProtocolCfg?$CItc?3?5?$CFd?0?5b@ 0000000180032c80     stuhfl_evalAPI_host.obj
 0003:00003cd0       ??_C@_0GF@NJLKAHCP@SetTxRxCfg?$CItxOutputLevel?3?5?$CFd?0?5r@ 0000000180032cd0     stuhfl_evalAPI_host.obj
 0003:00003d50       ??_C@_0CA@FEGKKMMF@SetPA_Cfg?$CIuseExternal?3?5?$CFd?$CJ?5?$DN?5?$CFd@ 0000000180032d50     stuhfl_evalAPI_host.obj
 0003:00003d80       ??_C@_0BOK@ENNACJEK@SetGen2InventoryCfg?$CIfastInv?3?5?$CFd@ 0000000180032d80     stuhfl_evalAPI_host.obj
 0003:00003fd0       ??_C@_0BFG@LOLPLJMM@SetGb29768InventoryCfg?$CIreadTID?3@ 0000000180032fd0     stuhfl_evalAPI_host.obj
 0003:00004170       ??_C@_0BP@IKOIGGOC@GetGen2Timings?$CIT4Min?3?5?$CFd?$CJ?5?$DN?5?$CFd@ 0000000180033170     stuhfl_evalAPI_host.obj
 0003:000041a0       ??_C@_0EC@HNKPMMOG@GetGen2ProtocolCfg?$CItari?3?5?$CFd?0?5bl@ 00000001800331a0     stuhfl_evalAPI_host.obj
 0003:000041f0       ??_C@_0ED@GMKGMBFB@GetGb29768ProtocolCfg?$CItc?3?5?$CFd?0?5b@ 00000001800331f0     stuhfl_evalAPI_host.obj
 0003:00004240       ??_C@_0GF@OIOODKN@GetTxRxCfg?$CItxOutputLevel?3?5?$CFd?0?5r@ 0000000180033240     stuhfl_evalAPI_host.obj
 0003:000042c0       ??_C@_0CA@DILJNIAG@GetPA_Cfg?$CIuseExternal?3?5?$CFd?$CJ?5?$DN?5?$CFd@ 00000001800332c0     stuhfl_evalAPI_host.obj
 0003:000042f0       ??_C@_0BOK@CENAJCHC@GetGen2InventoryCfg?$CIfastInv?3?5?$CFd@ 00000001800332f0     stuhfl_evalAPI_host.obj
 0003:00004540       ??_C@_0BFG@FHJEDMJL@GetGb29768InventoryCfg?$CIreadTID?3@ 0000000180033540     stuhfl_evalAPI_host.obj
 0003:000046e0       ??_C@_0DJ@HJGHNCFD@SetTuning?$CIantenna?3?5?$CFd?0?5cin?3?5?$CFd?0@ 00000001800336e0     stuhfl_evalAPI_host.obj
 0003:00004730       ??_C@_0HB@PHMOKHGI@SetTuningTableEntry?$CIentry?3?5?$CFd?0?5@ 0000000180033730     stuhfl_evalAPI_host.obj
 0003:000047b8       ??_C@_0DC@OAGDNOIL@SetTuningTableDefault?$CIprofile?3?5@ 00000001800337b8     stuhfl_evalAPI_host.obj
 0003:000047f8       ??_C@_0CA@HGDFKOKL@SetTuningTableSave2Flash?$CI?$CJ?5?$DN?5?$CFd@ 00000001800337f8     stuhfl_evalAPI_host.obj
 0003:00004820       ??_C@_0BL@EOMGOPPG@SetTuningTableEmpty?$CI?$CJ?5?$DN?5?$CFd@ 0000000180033820     stuhfl_evalAPI_host.obj
 0003:00004840       ??_C@_0FB@FKMJDKHH@SetTuningCaps?$CIantenna?3?5?$CFd?0?5chan@ 0000000180033840     stuhfl_evalAPI_host.obj
 0003:000048a8       ??_C@_0DJ@EKBALLMC@GetTuning?$CIantenna?3?5?$CFd?0?5cin?3?5?$CFd?0@ 00000001800338a8     stuhfl_evalAPI_host.obj
 0003:000048f0       ??_C@_0HC@MJGJDFPM@GetTuningTableEntry?$CIentry?3?5?$CFd?0?5@ 00000001800338f0     stuhfl_evalAPI_host.obj
 0003:00004978       ??_C@_0DF@FBCBONNG@GetTuningTableInfo?$CIprofile?3?5?$CFd?0@ 0000000180033978     stuhfl_evalAPI_host.obj
 0003:000049c0       ??_C@_0FB@FMBGBJIP@GetTuningCaps?$CIantenna?3?5?$CFd?0?5chan@ 00000001800339c0     stuhfl_evalAPI_host.obj
 0003:00004a28       ??_C@_0DC@HMGBMGBJ@Tune?$CIalgo?3?5?$CFd?0?5doFalsePositiveD@ 0000000180033a28     stuhfl_evalAPI_host.obj
 0003:00004a70       ??_C@_0FL@EAMLAEI@TuneChannel?$CIenableFPD?3?5?$CFd?0?5save@ 0000000180033a70     stuhfl_evalAPI_host.obj
 0003:00004ae0       ??_C@_0BEF@OKDDBKCP@Gen2_Inventory?$CIrssiMode?3?5?$CFd?0?5ro@ 0000000180033ae0     stuhfl_evalAPI_host.obj
 0003:00004c70       ??_C@_0IC@HBCBOHMF@Gen2_Select?$CImode?3?5?$CFd?0?5target?3?5?$CF@ 0000000180033c70     stuhfl_evalAPI_host.obj
 0003:00004d10       ??_C@_0FA@IPMKCFMN@Gen2_Read?$CImemBank?3?5?$CFd?0?5wordPtr?3@ 0000000180033d10     stuhfl_evalAPI_host.obj
 0003:00004d70       ??_C@_0FJ@CBLIJDOH@Gen2_Write?$CImemBank?3?5?$CFd?0?5wordPtr@ 0000000180033d70     stuhfl_evalAPI_host.obj
 0003:00004de0       ??_C@_0GF@NACFABB@Gen2_BlockWrite?$CImemBank?3?5?$CFd?0?5wo@ 0000000180033de0     stuhfl_evalAPI_host.obj
 0003:00004e60       ??_C@_0DI@ECFPCPNB@Gen2_Lock?$CImask?3?50x?$CFs?0?5pwd?3?50x?$CFs@ 0000000180033e60     stuhfl_evalAPI_host.obj
 0003:00004eb0       ??_C@_0EA@GBKJJOCM@Gen2_Kill?$CIpwd?3?50x?$CFs?0?5rfu?3?5?$CFd?0?5r@ 0000000180033eb0     stuhfl_evalAPI_host.obj
 0003:00004f00       ??_C@_0KF@ECHKMOPG@Gen2_GenericCmd?$CIpwd?3?50x?$CFs?0?5cmd?3@ 0000000180033f00     stuhfl_evalAPI_host.obj
 0003:00004fd0       ??_C@_0JI@GPIMILGC@STUHFL_F_Gen2_QueryMeasureRssi?$CI@ 0000000180033fd0     stuhfl_evalAPI_host.obj
 0003:00005090       ??_C@_0BEB@CLNAMIBL@Gb29768_Inventory?$CIrssiMode?3?5?$CFd?0@ 0000000180034090     stuhfl_evalAPI_host.obj
 0003:00005220       ??_C@_0HG@IBHJOPDG@Gb29768_Sort?$CImode?3?5?$CFd?0?5target?3?5@ 0000000180034220     stuhfl_evalAPI_host.obj
 0003:000052b0       ??_C@_0FD@PDACJNOC@Gb29768_Read?$CImemBank?3?5?$CFd?0?5wordP@ 00000001800342b0     stuhfl_evalAPI_host.obj
 0003:00005320       ??_C@_0EK@LMIHEBPK@Gb29768_Write?$CImemBank?3?5?$CFd?0?5word@ 0000000180034320     stuhfl_evalAPI_host.obj
 0003:00005380       ??_C@_0FJ@CAMNILFD@Gb29768_Lock?$CIstorageArea?3?50x?$CF02@ 0000000180034380     stuhfl_evalAPI_host.obj
 0003:000053f0       ??_C@_0BN@KAHJLCHM@Gb29768_Kill?$CIpwd?3?50x?$CFs?$CJ?5?$DN?5?$CFd@ 00000001800343f0     stuhfl_evalAPI_host.obj
 0003:00005420       ??_C@_0EN@DECPLCCK@Gb29768_Erase?$CIstorageArea?3?5?$CFd?0?5@ 0000000180034420     stuhfl_evalAPI_host.obj
 0003:00005480       ??_C@_0IC@BLPHEDN@InventoryRunnerStart?$CIrssiMode?3?5@ 0000000180034480     stuhfl_evalAPI_host.obj
 0003:00005520       ??_C@_0BL@BCDHJABF@InventoryRunnerStop?$CI?$CJ?5?$DN?5?$CFd@ 0000000180034520     stuhfl_evalAPI_host.obj
 0003:00005540       ??_C@_04JFFKLGJF@?$CF02X@  0000000180034540     stuhfl_helpers.obj
 0003:000055c4       ??_C@_01JPJNBJEM@I@        00000001800345c4     stuhfl_log.obj
 0003:000055c8       ??_C@_01ELNMCGJD@W@        00000001800345c8     stuhfl_log.obj
 0003:000055cc       ??_C@_01CKDDGHAB@D@        00000001800345cc     stuhfl_log.obj
 0003:000055d0       ??_C@_01DDCIFGEA@E@        00000001800345d0     stuhfl_log.obj
 0003:000055d4       ??_C@_02CNCKMBBD@AL@       00000001800345d4     stuhfl_log.obj
 0003:000055d8       ??_C@_02DCIILGAN@SL@       00000001800345d8     stuhfl_log.obj
 0003:000055dc       ??_C@_02CLOBADPI@DL@       00000001800345dc     stuhfl_log.obj
 0003:000055e0       ??_C@_02DAMOAIFE@PL@       00000001800345e0     stuhfl_log.obj
 0003:000055e4       ??_C@_02JPINBHIC@EA@       00000001800345e4     stuhfl_log.obj
 0003:000055e7       ??_C@_00CNPNBAHC@@         00000001800345e7     stuhfl_log.obj
 0003:000055e8       ??_C@_01EEMJAFIK@?6@       00000001800345e8     stuhfl_log.obj
 0003:00005d08       ??_C@_0BD@IPPMGAEF@Tx?5?$DO?$DO?$DO?5?$CI?$CF04d?$CJ?50x?$CFs@ 0000000180034d08     stuhfl_pl.obj
 0003:00005d20       ??_C@_0CJ@BIEDGEDP@Rx?5?$DM?$DM?$DM?5?$CI?$CF04d?$CJ?5?4?4?5no?5data?5packet@ 0000000180034d20     stuhfl_pl.obj
 0003:00005d58       ??_C@_0DL@PBBOCDL@Rx?5?$DM?$DM?$DM?5?$CI?$CF04d?$CJ?5?4?4?5unknown?5comman@ 0000000180034d58     stuhfl_pl.obj
 0003:00005da0       ??_C@_0EM@GLMCCOLB@Rx?5?$DM?$DM?$DM?5?$CI?$CF04d?$CJ?5?4?4?5receive?5length@ 0000000180034da0     stuhfl_pl.obj
 0003:00005e00       ??_C@_0BD@NMGIDLAJ@Rx?5?$DM?$DM?$DM?5?$CI?$CF04d?$CJ?50x?$CFs@ 0000000180034e00     stuhfl_pl.obj
 0003:00005e18       ??_C@_0BI@MEIJNAIM@SetParam?3?5RdTimeout?3?$CFd?5@ 0000000180034e18     stuhfl_pl.obj
 0003:00005e38       ??_C@_0BI@FEMIMHOG@SetParam?3?5WrTimeout?3?$CFd?5@ 0000000180034e38     stuhfl_pl.obj
 0003:00005e58       ??_C@_0BC@GHAILNCG@SetParam?3?5DTR?3?$CFd?5@ 0000000180034e58     stuhfl_pl.obj
 0003:00005e70       ??_C@_0BC@BGIAFGCP@SetParam?3?5RTS?3?$CFd?5@ 0000000180034e70     stuhfl_pl.obj
 0003:00005e88       ??_C@_0BI@NCOEDBOO@GetParam?3?5RdTimeout?3?$CFd?5@ 0000000180034e88     stuhfl_pl.obj
 0003:00005ea8       ??_C@_0BI@ECKFCGIE@GetParam?3?5WrTimeout?3?$CFd?5@ 0000000180034ea8     stuhfl_pl.obj
 0003:00005ec8       ??_C@_0BC@ECADDGDI@GetParam?3?5DTR?3?$CFd?5@ 0000000180034ec8     stuhfl_pl.obj
 0003:00005ee0       ??_C@_0BC@DDILNNDB@GetParam?3?5RTS?3?$CFd?5@ 0000000180034ee0     stuhfl_pl.obj
 0003:00006500       ??_C@_0IP@FPKDMGKI@Gen2_QueryMeasureRssi?$CIfrequency@ 0000000180035500     stuhfl_sl.obj
 0003:000065b0       _pDefaultRawDllMain        00000001800355b0     MSVCRTD:dll_dllmain.obj
 0003:000065b0       _pRawDllMain               00000001800355b0     MSVCRTD:dll_dllmain.obj
 0003:000066a0       ??_C@_0NN@JMPELKLB@The?5value?5of?5ESP?5was?5not?5proper@ 00000001800356a0     MSVCRTD:error.obj
 0003:000067b0       ??_C@_0BBN@ELNNILBE@A?5cast?5to?5a?5smaller?5data?5type?5h@ 00000001800357b0     MSVCRTD:error.obj
 0003:00006908       ??_C@_0BN@BPOGFMJL@Stack?5memory?5was?5corrupted?$AN?6@ 0000000180035908     MSVCRTD:error.obj
 0003:00006930       ??_C@_0DG@DAJCDLPN@A?5local?5variable?5was?5used?5befor@ 0000000180035930     MSVCRTD:error.obj
 0003:00006970       ??_C@_0CM@JMIDGKLA@Stack?5memory?5around?5_alloca?5was@ 0000000180035970     MSVCRTD:error.obj
 0003:000069a8       ??_C@_0BO@CHIONIOI@Unknown?5Runtime?5Check?5Error?$AN?6@ 00000001800359a8     MSVCRTD:error.obj
 0003:000069d0       ??_C@_1GM@CNOOJIHC@?$AAR?$AAu?$AAn?$AAt?$AAi?$AAm?$AAe?$AA?5?$AAC?$AAh?$AAe?$AAc?$AAk?$AA?5?$AAE@ 00000001800359d0     MSVCRTD:error.obj
 0003:00006a60       ??_C@_1EA@NFKNIFJP@?$AAR?$AAu?$AAn?$AA?9?$AAT?$AAi?$AAm?$AAe?$AA?5?$AAC?$AAh?$AAe?$AAc?$AAk?$AA?5@ 0000000180035a60     MSVCRTD:error.obj
 0003:00006ab0       ??_C@_0BB@PFFGGCJP@Unknown?5Filename@ 0000000180035ab0     MSVCRTD:error.obj
 0003:00006ac8       ??_C@_0BE@GNBOBNCK@Unknown?5Module?5Name@ 0000000180035ac8     MSVCRTD:error.obj
 0003:00006ae0       ??_C@_0CA@IODNCDPG@Run?9Time?5Check?5Failure?5?$CD?$CFd?5?9?5?$CFs@ 0000000180035ae0     MSVCRTD:error.obj
 0003:00006b08       ??_C@_0CG@IAFNJNEE@Stack?5corrupted?5near?5unknown?5va@ 0000000180035b08     MSVCRTD:error.obj
 0003:00006b38       ??_C@_05MKKEDADM@?$CF?42X?5@ 0000000180035b38     MSVCRTD:error.obj
 0003:00006b40       ??_C@_0EJ@LJKNEOLN@Stack?5area?5around?5_alloca?5memor@ 0000000180035b40     MSVCRTD:error.obj
 0003:00006b98       ??_C@_02LLMPMKNF@?$DO?5@   0000000180035b98     MSVCRTD:error.obj
 0003:00006ba0       ??_C@_08OMAHNMHJ@?6Data?3?5?$DM@ 0000000180035ba0     MSVCRTD:error.obj
 0003:00006bb0       ??_C@_0CK@DKGBICFE@?6Allocation?5number?5within?5this?5@ 0000000180035bb0     MSVCRTD:error.obj
 0003:00006be8       ??_C@_07DFDJCKFN@?6Size?3?5@ 0000000180035be8     MSVCRTD:error.obj
 0003:00006bf8       ??_C@_0N@MHFFIMFG@?6Address?3?50x@ 0000000180035bf8     MSVCRTD:error.obj
 0003:00006c10       ??_C@_0EI@CLEPFNGI@Stack?5area?5around?5_alloca?5memor@ 0000000180035c10     MSVCRTD:error.obj
 0003:00006c68       ??_C@_0BK@ODNDAGKB@?$CFs?$CFs?$CFp?$CFs?$CFzd?$CFs?$CFd?$CFs?$CFs?$CFs?$CFs?$CFs@ 0000000180035c68     MSVCRTD:error.obj
 0003:00006c88       ??_C@_0DE@OHJBPMBP@A?5variable?5is?5being?5used?5withou@ 0000000180035c88     MSVCRTD:error.obj
 0003:00006cf8       ??_C@_0BJ@HEGAHDFO@Stack?5pointer?5corruption@ 0000000180035cf8     MSVCRTD:userapi.obj
 0003:00006d18       ??_C@_0CK@FEGOIOPB@Cast?5to?5smaller?5type?5causing?5lo@ 0000000180035d18     MSVCRTD:userapi.obj
 0003:00006d50       ??_C@_0BI@CIGMDCBH@Stack?5memory?5corruption@ 0000000180035d50     MSVCRTD:userapi.obj
 0003:00006d70       ??_C@_0CK@CNLNOEPB@Local?5variable?5used?5before?5init@ 0000000180035d70     MSVCRTD:userapi.obj
 0003:00006da8       ??_C@_0BP@OGBCLIBO@Stack?5around?5_alloca?5corrupted@ 0000000180035da8     MSVCRTD:userapi.obj
 0003:00006e50       ??_C@_1EI@MLPKHBGE@?$AAa?$AAp?$AAi?$AA?9?$AAm?$AAs?$AA?9?$AAw?$AAi?$AAn?$AA?9?$AAc?$AAo?$AAr?$AAe@ 0000000180035e50     MSVCRTD:pdblkup.obj
 0003:00006ea8       ??_C@_1BK@JHLNAEJL@?$AAa?$AAd?$AAv?$AAa?$AAp?$AAi?$AA3?$AA2?$AA?4?$AAd?$AAl?$AAl@ 0000000180035ea8     MSVCRTD:pdblkup.obj
 0003:00006ec8       ??_C@_0O@COHOBMLB@RegOpenKeyExW@ 0000000180035ec8     MSVCRTD:pdblkup.obj
 0003:00006ed8       ??_C@_0BB@GLNAEDBD@RegQueryValueExW@ 0000000180035ed8     MSVCRTD:pdblkup.obj
 0003:00006ef0       ??_C@_0M@HLOHPNFA@RegCloseKey@ 0000000180035ef0     MSVCRTD:pdblkup.obj
 0003:00006f00       ??_C@_1HE@EBEAGLFB@?$AAS?$AAO?$AAF?$AAT?$AAW?$AAA?$AAR?$AAE?$AA?2?$AAW?$AAo?$AAw?$AA6?$AA4?$AA3@ 0000000180035f00     MSVCRTD:pdblkup.obj
 0003:00006f90       ??_C@_1BG@EABPBLLF@?$AAP?$AAr?$AAo?$AAd?$AAu?$AAc?$AAt?$AAD?$AAi?$AAr@ 0000000180035f90     MSVCRTD:pdblkup.obj
 0003:00006fd8       ??_C@_1BC@JINFINNJ@?$AAM?$AAS?$AAP?$AAD?$AAB?$AA1?$AA4?$AA0@ 0000000180035fd8     MSVCRTD:pdblkup.obj
 0003:00006ff0       ??_C@_0BB@KCIACLNC@PDBOpenValidate5@ 0000000180035ff0     MSVCRTD:pdblkup.obj
 0003:00007004       ??_C@_01KDCPPGHE@r@        0000000180036004     MSVCRTD:pdblkup.obj
 0003:00007040       _load_config_used          0000000180036040     MSVCRTD:loadcfg.obj
 0003:00007480       __CastGuardVftablesStart   0000000180036480     MSVCRTD:guard_support.obj
 0003:00007590       __CastGuardVftablesEnd     0000000180036590     MSVCRTD:guard_support.obj
 0003:00007830       __rtc_iaa                  0000000180036830     MSVCRTD:initsect.obj
 0003:00007af0       __rtc_izz                  0000000180036af0     MSVCRTD:initsect.obj
 0003:00007c00       __rtc_taa                  0000000180036c00     MSVCRTD:initsect.obj
 0003:00007ec0       __rtc_tzz                  0000000180036ec0     MSVCRTD:initsect.obj
 0004:00000024       sndDataLen                 000000018003a024     stuhfl_evalAPI_host.obj
 0004:00000028       rcvDataLen                 000000018003a028     stuhfl_evalAPI_host.obj
 0004:0000002c       mode                       000000018003a02c     stuhfl_pl.obj
 0004:00000030       __security_cookie_complement 000000018003a030     MSVCRTD:gs_cookie.obj
 0004:00000038       __security_cookie          000000018003a038     MSVCRTD:gs_cookie.obj
 0004:00000048       ?_RTC_ErrorLevels@@3PAHA   000000018003a048     MSVCRTD:error.obj
 0004:00000060       __scrt_native_dllmain_reason 000000018003a060     MSVCRTD:utility.obj
 0004:00000068       __isa_available            000000018003a068     MSVCRTD:cpu_disp.obj
 0004:0000006c       __isa_enabled              000000018003a06c     MSVCRTD:cpu_disp.obj
 0004:00000070       __memcpy_nt_iters          000000018003a070     MSVCRTD:cpu_disp.obj
 0004:00000078       __memset_nt_iters          000000018003a078     MSVCRTD:cpu_disp.obj
 0004:00000090       __scrt_ucrt_dll_is_in_use  000000018003a090     MSVCRTD:ucrt_stubs.obj
 0004:000001f8       device                     000000018003a1f8     stuhfl_evalAPI_host.obj
 0004:00000200       invRunnerId                000000018003a200     stuhfl_evalAPI_host.obj
 0004:00000208       callerFinishedCallback     000000018003a208     stuhfl_evalAPI_host.obj
 0004:00000408       sndID                      000000018003a408     stuhfl_pl.obj
 0004:0000040c       rcvID                      000000018003a40c     stuhfl_pl.obj
 0004:00000498       ?_OptionsStorage@?1??__local_stdio_printf_options@@9@4_KA 000000018003a498     MSVCRTD:error.obj
 0004:00000b50       ?__type_info_root_node@@3U__type_info_node@@A 000000018003ab50     MSVCRTD:tncleanup.obj
 0004:00000b68       ?_OptionsStorage@?1??__local_stdio_scanf_options@@9@4_KA 000000018003ab68     MSVCRTD:default_local_stdio_options.obj
 0004:00000b78       __scrt_current_native_startup_state 000000018003ab78     MSVCRTD:utility.obj
 0004:00000b80       __scrt_native_startup_lock 000000018003ab80     MSVCRTD:utility.obj
 0004:00000bd0       __scrt_debugger_hook_flag  000000018003abd0     MSVCRTD:utility_desktop.obj
 0004:00000bd8       __castguard_check_failure_os_handled_fptr 000000018003abd8     MSVCRTD:guard_support.obj
 0004:00000bf4       __favor                    000000018003abf4     MSVCRTD:cpu_disp.obj
 0004:00000bf8       ?_OptionsStorage@?1??__local_stdio_printf_options@@9@9 000000018003abf8     <common>
 0004:000010e0       rcvData                    000000018003b0e0     <common>
 0004:000020e0       sndData                    000000018003c0e0     <common>
 0004:000028e0       __dyn_tls_init_callback    000000018003c8e0     <common>
 0004:000028f4       __DebuggerCurrentSteppingThreadId 000000018003c8f4     <common>
 0006:00000000       __imp_CreateFileA          0000000180040000     kernel32:KERNEL32.dll
 0006:00000008       __imp_ReadFile             0000000180040008     kernel32:KERNEL32.dll
 0006:00000010       __imp_WriteFile            0000000180040010     kernel32:KERNEL32.dll
 0006:00000018       __imp_CloseHandle          0000000180040018     kernel32:KERNEL32.dll
 0006:00000020       __imp_ClearCommError       0000000180040020     kernel32:KERNEL32.dll
 0006:00000028       __imp_SetupComm            0000000180040028     kernel32:KERNEL32.dll
 0006:00000030       __imp_EscapeCommFunction   0000000180040030     kernel32:KERNEL32.dll
 0006:00000038       __imp_GetCommState         0000000180040038     kernel32:KERNEL32.dll
 0006:00000040       __imp_GetCommTimeouts      0000000180040040     kernel32:KERNEL32.dll
 0006:00000048       __imp_PurgeComm            0000000180040048     kernel32:KERNEL32.dll
 0006:00000050       __imp_SetCommState         0000000180040050     kernel32:KERNEL32.dll
 0006:00000058       __imp_SetCommTimeouts      0000000180040058     kernel32:KERNEL32.dll
 0006:00000060       __imp_WaitForSingleObject  0000000180040060     kernel32:KERNEL32.dll
 0006:00000068       __imp_SetWaitableTimer     0000000180040068     kernel32:KERNEL32.dll
 0006:00000070       __imp_GetTickCount         0000000180040070     kernel32:KERNEL32.dll
 0006:00000078       __imp_CreateWaitableTimerA 0000000180040078     kernel32:KERNEL32.dll
 0006:00000080       __imp_CreateThread         0000000180040080     kernel32:KERNEL32.dll
 0006:00000088       __imp_FreeLibrary          0000000180040088     kernel32:KERNEL32.dll
 0006:00000090       __imp_VirtualQuery         0000000180040090     kernel32:KERNEL32.dll
 0006:00000098       __imp_GetProcessHeap       0000000180040098     kernel32:KERNEL32.dll
 0006:000000a0       __imp_HeapFree             00000001800400a0     kernel32:KERNEL32.dll
 0006:000000a8       __imp_HeapAlloc            00000001800400a8     kernel32:KERNEL32.dll
 0006:000000b0       __imp_GetLastError         00000001800400b0     kernel32:KERNEL32.dll
 0006:000000b8       __imp_GetModuleHandleW     00000001800400b8     kernel32:KERNEL32.dll
 0006:000000c0       __imp_GetStartupInfoW      00000001800400c0     kernel32:KERNEL32.dll
 0006:000000c8       __imp_InitializeSListHead  00000001800400c8     kernel32:KERNEL32.dll
 0006:000000d0       __imp_GetSystemTimeAsFileTime 00000001800400d0     kernel32:KERNEL32.dll
 0006:000000d8       __imp_GetCurrentProcessId  00000001800400d8     kernel32:KERNEL32.dll
 0006:000000e0       __imp_QueryPerformanceCounter 00000001800400e0     kernel32:KERNEL32.dll
 0006:000000e8       __imp_IsProcessorFeaturePresent 00000001800400e8     kernel32:KERNEL32.dll
 0006:000000f0       __imp_TerminateProcess     00000001800400f0     kernel32:KERNEL32.dll
 0006:000000f8       __imp_GetCurrentProcess    00000001800400f8     kernel32:KERNEL32.dll
 0006:00000100       __imp_SetUnhandledExceptionFilter 0000000180040100     kernel32:KERNEL32.dll
 0006:00000108       __imp_UnhandledExceptionFilter 0000000180040108     kernel32:KERNEL32.dll
 0006:00000110       __imp_RtlVirtualUnwind     0000000180040110     kernel32:KERNEL32.dll
 0006:00000118       __imp_RtlLookupFunctionEntry 0000000180040118     kernel32:KERNEL32.dll
 0006:00000120       __imp_RtlCaptureContext    0000000180040120     kernel32:KERNEL32.dll
 0006:00000128       __imp_WideCharToMultiByte  0000000180040128     kernel32:KERNEL32.dll
 0006:00000130       __imp_MultiByteToWideChar  0000000180040130     kernel32:KERNEL32.dll
 0006:00000138       __imp_GetProcAddress       0000000180040138     kernel32:KERNEL32.dll
 0006:00000140       __imp_RaiseException       0000000180040140     kernel32:KERNEL32.dll
 0006:00000148       __imp_IsDebuggerPresent    0000000180040148     kernel32:KERNEL32.dll
 0006:00000150       __imp_GetCurrentThreadId   0000000180040150     kernel32:KERNEL32.dll
 0006:00000158       \177KERNEL32_NULL_THUNK_DATA 0000000180040158     kernel32:KERNEL32.dll
 0006:000001f0       __imp___C_specific_handler 00000001800401f0     vcruntimed:VCRUNTIME140D.dll
 0006:000001f8       __imp___C_specific_handler_noexcept 00000001800401f8     vcruntimed:VCRUNTIME140D.dll
 0006:00000200       __imp___std_type_info_destroy_list 0000000180040200     vcruntimed:VCRUNTIME140D.dll
 0006:00000208       __imp___current_exception  0000000180040208     vcruntimed:VCRUNTIME140D.dll
 0006:00000210       __imp___current_exception_context 0000000180040210     vcruntimed:VCRUNTIME140D.dll
 0006:00000218       __imp___vcrt_GetModuleFileNameW 0000000180040218     vcruntimed:VCRUNTIME140D.dll
 0006:00000220       __imp___vcrt_GetModuleHandleW 0000000180040220     vcruntimed:VCRUNTIME140D.dll
 0006:00000228       __imp_memset               0000000180040228     vcruntimed:VCRUNTIME140D.dll
 0006:00000230       __imp___vcrt_LoadLibraryExW 0000000180040230     vcruntimed:VCRUNTIME140D.dll
 0006:00000238       __imp_memcpy               0000000180040238     vcruntimed:VCRUNTIME140D.dll
 0006:00000240       \177VCRUNTIME140D_NULL_THUNK_DATA 0000000180040240     vcruntimed:VCRUNTIME140D.dll
 0006:000002a8       __imp__seh_filter_dll      00000001800402a8     ucrtd:ucrtbased.dll
 0006:000002b0       __imp___stdio_common_vsprintf_s 00000001800402b0     ucrtd:ucrtbased.dll
 0006:000002b8       __imp_strcat_s             00000001800402b8     ucrtd:ucrtbased.dll
 0006:000002c0       __imp_strcpy_s             00000001800402c0     ucrtd:ucrtbased.dll
 0006:000002c8       __imp__initialize_onexit_table 00000001800402c8     ucrtd:ucrtbased.dll
 0006:000002d0       __imp__initterm            00000001800402d0     ucrtd:ucrtbased.dll
 0006:000002d8       __imp__CrtDbgReportW       00000001800402d8     ucrtd:ucrtbased.dll
 0006:000002e0       __imp__CrtDbgReport        00000001800402e0     ucrtd:ucrtbased.dll
 0006:000002e8       __imp___stdio_common_vsprintf 00000001800402e8     ucrtd:ucrtbased.dll
 0006:000002f0       __imp_strlen               00000001800402f0     ucrtd:ucrtbased.dll
 0006:000002f8       __imp__initialize_narrow_environment 00000001800402f8     ucrtd:ucrtbased.dll
 0006:00000300       __imp__register_onexit_function 0000000180040300     ucrtd:ucrtbased.dll
 0006:00000308       __imp_wcscpy_s             0000000180040308     ucrtd:ucrtbased.dll
 0006:00000310       __imp__wsplitpath_s        0000000180040310     ucrtd:ucrtbased.dll
 0006:00000318       __imp__wmakepath_s         0000000180040318     ucrtd:ucrtbased.dll
 0006:00000320       __imp_terminate            0000000180040320     ucrtd:ucrtbased.dll
 0006:00000328       __imp__cexit               0000000180040328     ucrtd:ucrtbased.dll
 0006:00000330       __imp__crt_at_quick_exit   0000000180040330     ucrtd:ucrtbased.dll
 0006:00000338       __imp__crt_atexit          0000000180040338     ucrtd:ucrtbased.dll
 0006:00000340       __imp__initterm_e          0000000180040340     ucrtd:ucrtbased.dll
 0006:00000348       __imp__execute_onexit_table 0000000180040348     ucrtd:ucrtbased.dll
 0006:00000350       __imp__configure_narrow_argv 0000000180040350     ucrtd:ucrtbased.dll
 0006:00000358       \177ucrtbased_NULL_THUNK_DATA 0000000180040358     ucrtd:ucrtbased.dll
 0006:000003d0       __IMPORT_DESCRIPTOR_KERNEL32 00000001800403d0     kernel32:KERNEL32.dll
 0006:000003e4       __IMPORT_DESCRIPTOR_VCRUNTIME140D 00000001800403e4     vcruntimed:VCRUNTIME140D.dll
 0006:000003f8       __IMPORT_DESCRIPTOR_ucrtbased 00000001800403f8     ucrtd:ucrtbased.dll
 0006:0000040c       __NULL_IMPORT_DESCRIPTOR   000000018004040c     kernel32:KERNEL32.dll
 0008:00000000       __guard_check_icall_fptr   0000000180042000     MSVCRTD:guard_support.obj
 0008:00000010       __guard_xfg_check_icall_fptr 0000000180042010     MSVCRTD:guard_support.obj
 0008:00000020       __guard_dispatch_icall_fptr 0000000180042020     MSVCRTD:guard_support.obj
 0008:00000030       __guard_xfg_dispatch_icall_fptr 0000000180042030     MSVCRTD:guard_support.obj
 0008:00000040       __guard_xfg_table_dispatch_icall_fptr 0000000180042040     MSVCRTD:guard_support.obj

 entry point at        0002:0000001e

 Static symbols

 0000:fffbb000       .debug$S                   0000000180000000     STUHFL.exp
 0003:fffd1000       $unwind$__local_stdio_printf_options 0000000180000000     stuhfl_helpers.obj
 0003:fffd1000       $unwind$snprintf           0000000180000000     stuhfl_helpers.obj
 0003:fffd1000       $unwind$vsnprintf          0000000180000000     stuhfl_helpers.obj
 0003:fffd1000       snprintf$rtcName$0         0000000180000000     stuhfl_helpers.obj
 0003:fffd1000       $unwind$__local_stdio_printf_options 0000000180000000     stuhfl_log.obj
 0003:fffd1000       $unwind$vsnprintf          0000000180000000     stuhfl_log.obj
 0000:fffbf000       __guard_ehcont_?dllmain_dispatch@@YAHQEAUHINSTANCE__@@KQEAX@Z 0000000180000000     MSVCRTD:dll_dllmain.obj
 0000:fffbf000       __guard_fids_?dllmain_dispatch@@YAHQEAUHINSTANCE__@@KQEAX@Z 0000000180000000     MSVCRTD:dll_dllmain.obj
 0000:fffbf000       __guard_ehcont_?notify_debugger@@YAXAEBUtagEXCEPTION_VISUALCPP_DEBUG_INFO@@@Z 0000000180000000     MSVCRTD:error.obj
 0000:fffbf000       __guard_fids__             0000000180000000     MSVCRTD:guard_support.obj
 0000:fffbf000       __guard_fids__             0000000180000000     MSVCRTD:guard_support.obj
 0000:fffbf000       __guard_fids__guard_icall_checks_enforced 0000000180000000     MSVCRTD:guard_support.obj
 0000:fffbf000       __guard_fids__CRT_RTC_INIT 0000000180000000     MSVCRTD:init.obj
 0000:fffbf000       __guard_fids__CRT_RTC_INITW 0000000180000000     MSVCRTD:init.obj
 0000:fffbf000       __guard_ehcont___scrt_is_nonwritable_in_current_image 0000000180000000     MSVCRTD:utility.obj
 0000:fffbf000       __guard_fids___scrt_set_unhandled_exception_filter 0000000180000000     MSVCRTD:utility_desktop.obj
 0000:fffbb000       .debug$S                   0000000180000000     vcruntimed:VCRUNTIME140D.dll
 0000:fffbb000       .debug$S                   0000000180000000     vcruntimed:VCRUNTIME140D.dll
 0000:fffbb000       .debug$S                   0000000180000000     vcruntimed:VCRUNTIME140D.dll
 0000:fffbb000       .debug$S                   0000000180000000     vcruntimed:VCRUNTIME140D.dll
 0000:fffbb000       .debug$S                   0000000180000000     vcruntimed:VCRUNTIME140D.dll
 0000:fffbb000       .debug$S                   0000000180000000     vcruntimed:VCRUNTIME140D.dll
 0000:fffbb000       .debug$S                   0000000180000000     vcruntimed:VCRUNTIME140D.dll
 0000:fffbb000       .debug$S                   0000000180000000     vcruntimed:VCRUNTIME140D.dll
 0000:fffbb000       .debug$S                   0000000180000000     vcruntimed:VCRUNTIME140D.dll
 0000:fffbb000       .debug$S                   0000000180000000     vcruntimed:VCRUNTIME140D.dll
 0000:fffbb000       .debug$S                   0000000180000000     ucrtd:ucrtbased.dll
 0000:fffbb000       .debug$S                   0000000180000000     ucrtd:ucrtbased.dll
 0000:fffbb000       .debug$S                   0000000180000000     ucrtd:ucrtbased.dll
 0000:fffbb000       .debug$S                   0000000180000000     ucrtd:ucrtbased.dll
 0000:fffbb000       .debug$S                   0000000180000000     ucrtd:ucrtbased.dll
 0000:fffbb000       .debug$S                   0000000180000000     ucrtd:ucrtbased.dll
 0000:fffbb000       .debug$S                   0000000180000000     ucrtd:ucrtbased.dll
 0000:fffbb000       .debug$S                   0000000180000000     ucrtd:ucrtbased.dll
 0000:fffbb000       .debug$S                   0000000180000000     ucrtd:ucrtbased.dll
 0000:fffbb000       .debug$S                   0000000180000000     ucrtd:ucrtbased.dll
 0000:fffbb000       .debug$S                   0000000180000000     ucrtd:ucrtbased.dll
 0000:fffbb000       .debug$S                   0000000180000000     ucrtd:ucrtbased.dll
 0000:fffbb000       .debug$S                   0000000180000000     ucrtd:ucrtbased.dll
 0000:fffbb000       .debug$S                   0000000180000000     ucrtd:ucrtbased.dll
 0000:fffbb000       .debug$S                   0000000180000000     ucrtd:ucrtbased.dll
 0000:fffbb000       .debug$S                   0000000180000000     ucrtd:ucrtbased.dll
 0000:fffbb000       .debug$S                   0000000180000000     ucrtd:ucrtbased.dll
 0000:fffbb000       .debug$S                   0000000180000000     ucrtd:ucrtbased.dll
 0000:fffbb000       .debug$S                   0000000180000000     ucrtd:ucrtbased.dll
 0000:fffbb000       .debug$S                   0000000180000000     ucrtd:ucrtbased.dll
 0000:fffbb000       .debug$S                   0000000180000000     ucrtd:ucrtbased.dll
 0000:fffbb000       .debug$S                   0000000180000000     ucrtd:ucrtbased.dll
 0000:fffbb000       .debug$S                   0000000180000000     kernel32:KERNEL32.dll
 0000:fffbb000       .debug$S                   0000000180000000     kernel32:KERNEL32.dll
 0000:fffbb000       .debug$S                   0000000180000000     kernel32:KERNEL32.dll
 0000:fffbb000       .debug$S                   0000000180000000     kernel32:KERNEL32.dll
 0000:fffbb000       .debug$S                   0000000180000000     kernel32:KERNEL32.dll
 0000:fffbb000       .debug$S                   0000000180000000     kernel32:KERNEL32.dll
 0000:fffbb000       .debug$S                   0000000180000000     kernel32:KERNEL32.dll
 0000:fffbb000       .debug$S                   0000000180000000     kernel32:KERNEL32.dll
 0000:fffbb000       .debug$S                   0000000180000000     kernel32:KERNEL32.dll
 0000:fffbb000       .debug$S                   0000000180000000     kernel32:KERNEL32.dll
 0000:fffbb000       .debug$S                   0000000180000000     kernel32:KERNEL32.dll
 0000:fffbb000       .debug$S                   0000000180000000     kernel32:KERNEL32.dll
 0000:fffbb000       .debug$S                   0000000180000000     kernel32:KERNEL32.dll
 0000:fffbb000       .debug$S                   0000000180000000     kernel32:KERNEL32.dll
 0000:fffbb000       .debug$S                   0000000180000000     kernel32:KERNEL32.dll
 0000:fffbb000       .debug$S                   0000000180000000     kernel32:KERNEL32.dll
 0000:fffbb000       .debug$S                   0000000180000000     kernel32:KERNEL32.dll
 0000:fffbb000       .debug$S                   0000000180000000     kernel32:KERNEL32.dll
 0000:fffbb000       .debug$S                   0000000180000000     kernel32:KERNEL32.dll
 0000:fffbb000       .debug$S                   0000000180000000     kernel32:KERNEL32.dll
 0000:fffbb000       .debug$S                   0000000180000000     kernel32:KERNEL32.dll
 0000:fffbb000       .debug$S                   0000000180000000     kernel32:KERNEL32.dll
 0000:fffbb000       .debug$S                   0000000180000000     kernel32:KERNEL32.dll
 0000:fffbb000       .debug$S                   0000000180000000     kernel32:KERNEL32.dll
 0000:fffbb000       .debug$S                   0000000180000000     kernel32:KERNEL32.dll
 0000:fffbb000       .debug$S                   0000000180000000     kernel32:KERNEL32.dll
 0000:fffbb000       .debug$S                   0000000180000000     kernel32:KERNEL32.dll
 0000:fffbb000       .debug$S                   0000000180000000     kernel32:KERNEL32.dll
 0000:fffbb000       .debug$S                   0000000180000000     kernel32:KERNEL32.dll
 0000:fffbb000       .debug$S                   0000000180000000     kernel32:KERNEL32.dll
 0000:fffbb000       .debug$S                   0000000180000000     kernel32:KERNEL32.dll
 0000:fffbb000       .debug$S                   0000000180000000     kernel32:KERNEL32.dll
 0000:fffbb000       .debug$S                   0000000180000000     kernel32:KERNEL32.dll
 0000:fffbb000       .debug$S                   0000000180000000     kernel32:KERNEL32.dll
 0000:fffbb000       .debug$S                   0000000180000000     kernel32:KERNEL32.dll
 0000:fffbb000       .debug$S                   0000000180000000     kernel32:KERNEL32.dll
 0000:fffbb000       .debug$S                   0000000180000000     kernel32:KERNEL32.dll
 0000:fffbb000       .debug$S                   0000000180000000     kernel32:KERNEL32.dll
 0000:fffbb000       .debug$S                   0000000180000000     kernel32:KERNEL32.dll
 0000:fffbb000       .debug$S                   0000000180000000     kernel32:KERNEL32.dll
 0000:fffbb000       .debug$S                   0000000180000000     kernel32:KERNEL32.dll
 0000:fffbb000       .debug$S                   0000000180000000     kernel32:KERNEL32.dll
 0000:fffbb000       .debug$S                   0000000180000000     kernel32:KERNEL32.dll
 0003:fffd1010       snprintf$rtcVarDesc        0000000180000010     stuhfl_helpers.obj
 0003:fffd1050       snprintf$rtcFrameData      0000000180000050     stuhfl_helpers.obj
 0002:00003ef0       $LN53                      0000000180014ef0     stuhfl_dl.obj
 0002:00004fa8       $LN26                      0000000180015fa8     stuhfl_dl.obj
 0002:00005f50       $LN47                      0000000180016f50     stuhfl_dl.obj
[...]
 0003:0000a2cd       $N00090                    00000001800392cd     STUHFL.exp
 0003:0000a2df       $N00091                    00000001800392df     STUHFL.exp
 0003:0000a2ee       $N00092                    00000001800392ee     STUHFL.exp
 0003:0000a301       $N00093                    0000000180039301     STUHFL.exp
 0003:0000a30f       $N00094                    000000018003930f     STUHFL.exp
 0003:0000a320       $N00095                    0000000180039320     STUHFL.exp
 0003:0000a330       $N00096                    0000000180039330     STUHFL.exp
 0003:0000a33f       $N00097                    000000018003933f     STUHFL.exp
 0003:0000a34e       $N00098                    000000018003934e     STUHFL.exp
 0003:0000a359       $N00099                    0000000180039359     STUHFL.exp
 0003:0000a364       $N00100                    0000000180039364     STUHFL.exp
 0003:0000a373       $N00101                    0000000180039373     STUHFL.exp
 0003:0000a38c       $N00102                    000000018003938c     STUHFL.exp
 0003:0000a3a3       $N00103                    00000001800393a3     STUHFL.exp
 0003:0000a3b9       $N00104                    00000001800393b9     STUHFL.exp
 0003:0000a3cd       $N00105                    00000001800393cd     STUHFL.exp
 0003:0000a3e0       $N00106                    00000001800393e0     STUHFL.exp
 0003:0000a3ef       $N00107                    00000001800393ef     STUHFL.exp
 0003:0000a3f9       $N00108                    00000001800393f9     STUHFL.exp
 0003:0000a405       $N00109                    0000000180039405     STUHFL.exp
 0003:0000a419       $N00110                    0000000180039419     STUHFL.exp
 0003:0000a423       $N00111                    0000000180039423     STUHFL.exp
 0003:0000a42d       $N00112                    000000018003942d     STUHFL.exp
 0003:0000a43b       $N00113                    000000018003943b     STUHFL.exp
 0003:0000a451       $N00114                    0000000180039451     STUHFL.exp
 0003:0000a465       $N00115                    0000000180039465     STUHFL.exp
 0003:0000a479       $N00116                    0000000180039479     STUHFL.exp
 0003:0000a492       $N00117                    0000000180039492     STUHFL.exp
 0003:0000a49d       $N00118                    000000018003949d     STUHFL.exp
 0003:0000a4a2       $N00119                    00000001800394a2     STUHFL.exp
 0003:0000a4ae       $N00120                    00000001800394ae     STUHFL.exp
 0003:0000a4bc       $N00121                    00000001800394bc     STUHFL.exp
 0003:0000a4c9       $N00122                    00000001800394c9     STUHFL.exp
 0004:00000000       rdComTimeout               000000018003a000     stuhfl_bl_win32.obj
 0004:00000004       wrComTimeout               000000018003a004     stuhfl_bl_win32.obj
 0004:00000010       inventoryThread            000000018003a010     stuhfl_al.obj
 0004:0000001c       br                         000000018003a01c     stuhfl_dl.obj
 0004:00000020       gIgnoreInventoryData       000000018003a020     stuhfl_dl.obj
 0004:000001a0       gCallerCtxPointer          000000018003a1a0     stuhfl_al.obj
 0004:000001a8       gActionCycleCallback       000000018003a1a8     stuhfl_al.obj
 0004:000001b0       gActionCycleCallbackOOP    000000018003a1b0     stuhfl_al.obj
 0004:000001b8       gActionFinishedCallback    000000018003a1b8     stuhfl_al.obj
 0004:000001c0       gActionFinishedCallbackOOP 000000018003a1c0     stuhfl_al.obj
 0004:000001c8       gActionCycleData           000000018003a1c8     stuhfl_al.obj
 0004:000001d0       requestedRoundCnt          000000018003a1d0     stuhfl_al.obj
 0004:000001e0       deviceCtx                  000000018003a1e0     stuhfl_dl.obj
 0004:000001e8       comPort                    000000018003a1e8     stuhfl_dl.obj
 0004:00000220       gCallerCtxPointer          000000018003a220     stuhfl_log.obj
 0004:00000228       gLogCallBack               000000018003a228     stuhfl_log.obj
 0004:00000230       gLogCallBackOOP            000000018003a230     stuhfl_log.obj
 0004:00000238       gLogId                     000000018003a238     stuhfl_log.obj
 0004:00000240       gLogOptions                000000018003a240     stuhfl_log.obj
 0004:000002b0       gLogData                   000000018003a2b0     stuhfl_log.obj
 0004:00000410       snd                        000000018003a410     stuhfl_pl.obj
 0004:00000418       gSndMaxLen                 000000018003a418     stuhfl_pl.obj
 0004:0000041c       gRcvMaxLen                 000000018003a41c     stuhfl_pl.obj
 0004:00000420       rcv                        000000018003a420     stuhfl_pl.obj
 0004:00000428       STUHFL_F_PlatformReset     000000018003a428     stuhfl_pl.obj
 0004:00000430       STUHFL_F_PlatformDisconnect 000000018003a430     stuhfl_pl.obj
 0004:00000438       STUHFL_F_PlatformSndRaw    000000018003a438     stuhfl_pl.obj
 0004:00000440       STUHFL_F_PlatformRcvRaw    000000018003a440     stuhfl_pl.obj
 0004:00000448       STUHFL_F_PlatformSetDTR    000000018003a448     stuhfl_pl.obj
 0004:00000450       STUHFL_F_PlatformGetDTR    000000018003a450     stuhfl_pl.obj
 0004:00000458       STUHFL_F_PlatformSetRTS    000000018003a458     stuhfl_pl.obj
 0004:00000460       STUHFL_F_PlatformGetRTS    000000018003a460     stuhfl_pl.obj
 0004:00000468       STUHFL_F_PlatformSetTimeouts 000000018003a468     stuhfl_pl.obj
 0004:00000470       STUHFL_F_PlatformGetTimeouts 000000018003a470     stuhfl_pl.obj
 0004:0000048e       ?init@?1??_RTC_InitBase@@9@4_NA 000000018003a48e     MSVCRTD:init.obj
 0004:00000490       ?__proc_attached@@3HA      000000018003a490     MSVCRTD:dll_dllmain.obj
 0004:000004a8       ?_RTC_ErrorReportFunc@@3P6AHHPEBDH00ZZEA 000000018003a4a8     MSVCRTD:userapi.obj
 0004:000004b0       ?_RTC_ErrorReportFuncW@@3P6AHHPEB_WH00ZZEA 000000018003a4b0     MSVCRTD:userapi.obj
 0004:000004c0       GS_ExceptionRecord         000000018003a4c0     MSVCRTD:gs_report.obj
 0004:00000560       GS_ContextRecord           000000018003a560     MSVCRTD:gs_report.obj
 0004:00000b88       ?is_initialized_as_dll@@3_NA 000000018003ab88     MSVCRTD:utility.obj
 0004:00000b89       ?module_local_atexit_table_initialized@@3_NA 000000018003ab89     MSVCRTD:utility.obj
 0004:00000b90       ?module_local_atexit_table@@3U_onexit_table_t@@A 000000018003ab90     MSVCRTD:utility.obj
 0004:00000ba8       ?module_local_at_quick_exit_table@@3U_onexit_table_t@@A 000000018003aba8     MSVCRTD:utility.obj
 0004:00000be8       ?mspdb@@3PEAUHINSTANCE__@@EA 000000018003abe8     MSVCRTD:pdblkup.obj
 0004:00000bf1       ?alreadyTried@?1??GetPdbDll@@YAPEAUHINSTANCE__@@XZ@4_NA 000000018003abf1     MSVCRTD:pdblkup.obj
 0004:00000bf2       ?PDBOK@?1??_RTC_GetSrcLine@@YAHPEAEPEA_WKPEAH1K@Z@4_NA 000000018003abf2     MSVCRTD:pdblkup.obj
 0006:0000090a       .idata$6                   000000018004090a     kernel32:KERNEL32.dll
 0006:00000a06       .idata$6                   0000000180040a06     vcruntimed:VCRUNTIME140D.dll
 0006:00000bb0       .idata$6                   0000000180040bb0     ucrtd:ucrtbased.dll
 0007:00000000       __F66CEB67_corecrt_stdio_config@h 0000000180041000     stuhfl_bl_win32.obj
 0007:00000001       __101834BA_corecrt_wstdio@h 0000000180041001     stuhfl_bl_win32.obj
 0007:00000002       __AD6A91B7_stdio@h         0000000180041002     stuhfl_bl_win32.obj
 0007:00000003       __367CC694_corecrt_memcpy_s@h 0000000180041003     stuhfl_bl_win32.obj
 0007:00000004       __DC9673E3_corecrt_wstring@h 0000000180041004     stuhfl_bl_win32.obj
 0007:00000005       __A29A7DFB_string@h        0000000180041005     stuhfl_bl_win32.obj
 0007:00000006       __7242C389_ctype@h         0000000180041006     stuhfl_bl_win32.obj
 0007:00000007       __90A1F774_basetsd@h       0000000180041007     stuhfl_bl_win32.obj
 0007:00000008       __AF541008_winnt@h         0000000180041008     stuhfl_bl_win32.obj
 0007:00000009       __0D001789_processthreadsapi@h 0000000180041009     stuhfl_bl_win32.obj
 0007:0000000a       __F972325D_memoryapi@h     000000018004100a     stuhfl_bl_win32.obj
 0007:0000000b       __76CD430D_winerror@h      000000018004100b     stuhfl_bl_win32.obj
 0007:0000000c       __737D49DB_winbase@h       000000018004100c     stuhfl_bl_win32.obj
 0007:0000000d       __0396F1A5_stralign@h      000000018004100d     stuhfl_bl_win32.obj
 0007:0000000e       __92C4C4B5_stuhfl_bl_win32@c 000000018004100e     stuhfl_bl_win32.obj
 0007:00000012       __7242C389_ctype@h         0000000180041012     stuhfl_platform.obj
 0007:00000013       __90A1F774_basetsd@h       0000000180041013     stuhfl_platform.obj
 0007:00000014       __367CC694_corecrt_memcpy_s@h 0000000180041014     stuhfl_platform.obj
 0007:00000015       __DC9673E3_corecrt_wstring@h 0000000180041015     stuhfl_platform.obj
 0007:00000016       __A29A7DFB_string@h        0000000180041016     stuhfl_platform.obj
 0007:00000017       __AF541008_winnt@h         0000000180041017     stuhfl_platform.obj
 0007:00000018       __0D001789_processthreadsapi@h 0000000180041018     stuhfl_platform.obj
 0007:00000019       __F972325D_memoryapi@h     0000000180041019     stuhfl_platform.obj
 0007:0000001a       __76CD430D_winerror@h      000000018004101a     stuhfl_platform.obj
 0007:0000001b       __737D49DB_winbase@h       000000018004101b     stuhfl_platform.obj
 0007:0000001c       __0396F1A5_stralign@h      000000018004101c     stuhfl_platform.obj
 0007:0000001d       __984E0302_stuhfl_platform@c 000000018004101d     stuhfl_platform.obj
 0007:00000020       __367CC694_corecrt_memcpy_s@h 0000000180041020     stuhfl.obj
 0007:00000021       __DC9673E3_corecrt_wstring@h 0000000180041021     stuhfl.obj
 0007:00000022       __A29A7DFB_string@h        0000000180041022     stuhfl.obj
 0007:00000023       __F66CEB67_corecrt_stdio_config@h 0000000180041023     stuhfl.obj
 0007:00000024       __101834BA_corecrt_wstdio@h 0000000180041024     stuhfl.obj
 0007:00000025       __AD6A91B7_stdio@h         0000000180041025     stuhfl.obj
 0007:00000026       __7242C389_ctype@h         0000000180041026     stuhfl.obj
 0007:00000027       __90A1F774_basetsd@h       0000000180041027     stuhfl.obj
 0007:00000028       __AF541008_winnt@h         0000000180041028     stuhfl.obj
 0007:00000029       __0D001789_processthreadsapi@h 0000000180041029     stuhfl.obj
 0007:0000002a       __F972325D_memoryapi@h     000000018004102a     stuhfl.obj
 0007:0000002b       __76CD430D_winerror@h      000000018004102b     stuhfl.obj
 0007:0000002c       __737D49DB_winbase@h       000000018004102c     stuhfl.obj
 0007:0000002d       __0396F1A5_stralign@h      000000018004102d     stuhfl.obj
 0007:0000002e       __E9428194_stuhfl@c        000000018004102e     stuhfl.obj
 0007:00000032       __367CC694_corecrt_memcpy_s@h 0000000180041032     stuhfl_al.obj
 0007:00000033       __DC9673E3_corecrt_wstring@h 0000000180041033     stuhfl_al.obj
 0007:00000034       __A29A7DFB_string@h        0000000180041034     stuhfl_al.obj
 0007:00000035       __F66CEB67_corecrt_stdio_config@h 0000000180041035     stuhfl_al.obj
 0007:00000036       __101834BA_corecrt_wstdio@h 0000000180041036     stuhfl_al.obj
 0007:00000037       __AD6A91B7_stdio@h         0000000180041037     stuhfl_al.obj
 0007:00000038       __7242C389_ctype@h         0000000180041038     stuhfl_al.obj
 0007:00000039       __90A1F774_basetsd@h       0000000180041039     stuhfl_al.obj
 0007:0000003a       __AF541008_winnt@h         000000018004103a     stuhfl_al.obj
 0007:0000003b       __0D001789_processthreadsapi@h 000000018004103b     stuhfl_al.obj
 0007:0000003c       __F972325D_memoryapi@h     000000018004103c     stuhfl_al.obj
 0007:0000003d       __76CD430D_winerror@h      000000018004103d     stuhfl_al.obj
 0007:0000003e       __737D49DB_winbase@h       000000018004103e     stuhfl_al.obj
 0007:0000003f       __0396F1A5_stralign@h      000000018004103f     stuhfl_al.obj
 0007:00000040       __B09A930D_stuhfl_al@c     0000000180041040     stuhfl_al.obj
 0007:00000044       __367CC694_corecrt_memcpy_s@h 0000000180041044     stuhfl_dl.obj
 0007:00000045       __DC9673E3_corecrt_wstring@h 0000000180041045     stuhfl_dl.obj
 0007:00000046       __A29A7DFB_string@h        0000000180041046     stuhfl_dl.obj
 0007:00000047       __F66CEB67_corecrt_stdio_config@h 0000000180041047     stuhfl_dl.obj
 0007:00000048       __101834BA_corecrt_wstdio@h 0000000180041048     stuhfl_dl.obj
 0007:00000049       __AD6A91B7_stdio@h         0000000180041049     stuhfl_dl.obj
 0007:0000004a       __7242C389_ctype@h         000000018004104a     stuhfl_dl.obj
 0007:0000004b       __90A1F774_basetsd@h       000000018004104b     stuhfl_dl.obj
 0007:0000004c       __AF541008_winnt@h         000000018004104c     stuhfl_dl.obj
 0007:0000004d       __0D001789_processthreadsapi@h 000000018004104d     stuhfl_dl.obj
 0007:0000004e       __F972325D_memoryapi@h     000000018004104e     stuhfl_dl.obj
 0007:0000004f       __76CD430D_winerror@h      000000018004104f     stuhfl_dl.obj
 0007:00000050       __737D49DB_winbase@h       0000000180041050     stuhfl_dl.obj
 0007:00000051       __0396F1A5_stralign@h      0000000180041051     stuhfl_dl.obj
 0007:00000052       __8744633F_stuhfl_dl@c     0000000180041052     stuhfl_dl.obj
 0007:00000056       __367CC694_corecrt_memcpy_s@h 0000000180041056     stuhfl_evalAPI_host.obj
 0007:00000057       __DC9673E3_corecrt_wstring@h 0000000180041057     stuhfl_evalAPI_host.obj
 0007:00000058       __A29A7DFB_string@h        0000000180041058     stuhfl_evalAPI_host.obj
 0007:00000059       __F66CEB67_corecrt_stdio_config@h 0000000180041059     stuhfl_evalAPI_host.obj
 0007:0000005a       __101834BA_corecrt_wstdio@h 000000018004105a     stuhfl_evalAPI_host.obj
 0007:0000005b       __AD6A91B7_stdio@h         000000018004105b     stuhfl_evalAPI_host.obj
 0007:0000005c       __7242C389_ctype@h         000000018004105c     stuhfl_evalAPI_host.obj
 0007:0000005d       __90A1F774_basetsd@h       000000018004105d     stuhfl_evalAPI_host.obj
 0007:0000005e       __AF541008_winnt@h         000000018004105e     stuhfl_evalAPI_host.obj
 0007:0000005f       __0D001789_processthreadsapi@h 000000018004105f     stuhfl_evalAPI_host.obj
 0007:00000060       __F972325D_memoryapi@h     0000000180041060     stuhfl_evalAPI_host.obj
 0007:00000061       __76CD430D_winerror@h      0000000180041061     stuhfl_evalAPI_host.obj
 0007:00000062       __737D49DB_winbase@h       0000000180041062     stuhfl_evalAPI_host.obj
 0007:00000063       __0396F1A5_stralign@h      0000000180041063     stuhfl_evalAPI_host.obj
 0007:00000064       __34467799_stuhfl_evalAPI_host@c 0000000180041064     stuhfl_evalAPI_host.obj
 0007:00000068       __367CC694_corecrt_memcpy_s@h 0000000180041068     stuhfl_helpers.obj
 0007:00000069       __DC9673E3_corecrt_wstring@h 0000000180041069     stuhfl_helpers.obj
 0007:0000006a       __A29A7DFB_string@h        000000018004106a     stuhfl_helpers.obj
 0007:0000006b       __F66CEB67_corecrt_stdio_config@h 000000018004106b     stuhfl_helpers.obj
 0007:0000006c       __101834BA_corecrt_wstdio@h 000000018004106c     stuhfl_helpers.obj
 0007:0000006d       __AD6A91B7_stdio@h         000000018004106d     stuhfl_helpers.obj
 0007:0000006e       __7242C389_ctype@h         000000018004106e     stuhfl_helpers.obj
 0007:0000006f       __90A1F774_basetsd@h       000000018004106f     stuhfl_helpers.obj
 0007:00000070       __AF541008_winnt@h         0000000180041070     stuhfl_helpers.obj
 0007:00000071       __0D001789_processthreadsapi@h 0000000180041071     stuhfl_helpers.obj
 0007:00000072       __F972325D_memoryapi@h     0000000180041072     stuhfl_helpers.obj
 0007:00000073       __76CD430D_winerror@h      0000000180041073     stuhfl_helpers.obj
 0007:00000074       __737D49DB_winbase@h       0000000180041074     stuhfl_helpers.obj
 0007:00000075       __0396F1A5_stralign@h      0000000180041075     stuhfl_helpers.obj
 0007:00000076       __BFF1DF9D_stuhfl_helpers@c 0000000180041076     stuhfl_helpers.obj
 0007:0000007a       __367CC694_corecrt_memcpy_s@h 000000018004107a     stuhfl_log.obj
 0007:0000007b       __DC9673E3_corecrt_wstring@h 000000018004107b     stuhfl_log.obj
 0007:0000007c       __A29A7DFB_string@h        000000018004107c     stuhfl_log.obj
 0007:0000007d       __F66CEB67_corecrt_stdio_config@h 000000018004107d     stuhfl_log.obj
 0007:0000007e       __101834BA_corecrt_wstdio@h 000000018004107e     stuhfl_log.obj
 0007:0000007f       __AD6A91B7_stdio@h         000000018004107f     stuhfl_log.obj
 0007:00000080       __7242C389_ctype@h         0000000180041080     stuhfl_log.obj
 0007:00000081       __90A1F774_basetsd@h       0000000180041081     stuhfl_log.obj
 0007:00000082       __AF541008_winnt@h         0000000180041082     stuhfl_log.obj
 0007:00000083       __0D001789_processthreadsapi@h 0000000180041083     stuhfl_log.obj
 0007:00000084       __F972325D_memoryapi@h     0000000180041084     stuhfl_log.obj
 0007:00000085       __76CD430D_winerror@h      0000000180041085     stuhfl_log.obj
 0007:00000086       __737D49DB_winbase@h       0000000180041086     stuhfl_log.obj
 0007:00000087       __0396F1A5_stralign@h      0000000180041087     stuhfl_log.obj
 0007:00000088       __7A033A94_stuhfl_log@c    0000000180041088     stuhfl_log.obj
 0007:0000008c       __367CC694_corecrt_memcpy_s@h 000000018004108c     stuhfl_pl.obj
 0007:0000008d       __DC9673E3_corecrt_wstring@h 000000018004108d     stuhfl_pl.obj
 0007:0000008e       __A29A7DFB_string@h        000000018004108e     stuhfl_pl.obj
 0007:0000008f       __F66CEB67_corecrt_stdio_config@h 000000018004108f     stuhfl_pl.obj
 0007:00000090       __101834BA_corecrt_wstdio@h 0000000180041090     stuhfl_pl.obj
 0007:00000091       __AD6A91B7_stdio@h         0000000180041091     stuhfl_pl.obj
 0007:00000092       __7242C389_ctype@h         0000000180041092     stuhfl_pl.obj
 0007:00000093       __90A1F774_basetsd@h       0000000180041093     stuhfl_pl.obj
 0007:00000094       __AF541008_winnt@h         0000000180041094     stuhfl_pl.obj
 0007:00000095       __0D001789_processthreadsapi@h 0000000180041095     stuhfl_pl.obj
 0007:00000096       __F972325D_memoryapi@h     0000000180041096     stuhfl_pl.obj
 0007:00000097       __76CD430D_winerror@h      0000000180041097     stuhfl_pl.obj
 0007:00000098       __737D49DB_winbase@h       0000000180041098     stuhfl_pl.obj
 0007:00000099       __0396F1A5_stralign@h      0000000180041099     stuhfl_pl.obj
 0007:0000009a       __583FA3F7_stuhfl_pl@c     000000018004109a     stuhfl_pl.obj
 0007:0000009e       __367CC694_corecrt_memcpy_s@h 000000018004109e     stuhfl_sl.obj
 0007:0000009f       __DC9673E3_corecrt_wstring@h 000000018004109f     stuhfl_sl.obj
 0007:000000a0       __A29A7DFB_string@h        00000001800410a0     stuhfl_sl.obj
 0007:000000a1       __F66CEB67_corecrt_stdio_config@h 00000001800410a1     stuhfl_sl.obj
 0007:000000a2       __101834BA_corecrt_wstdio@h 00000001800410a2     stuhfl_sl.obj
 0007:000000a3       __AD6A91B7_stdio@h         00000001800410a3     stuhfl_sl.obj
 0007:000000a4       __7242C389_ctype@h         00000001800410a4     stuhfl_sl.obj
 0007:000000a5       __90A1F774_basetsd@h       00000001800410a5     stuhfl_sl.obj
 0007:000000a6       __AF541008_winnt@h         00000001800410a6     stuhfl_sl.obj
 0007:000000a7       __0D001789_processthreadsapi@h 00000001800410a7     stuhfl_sl.obj
 0007:000000a8       __F972325D_memoryapi@h     00000001800410a8     stuhfl_sl.obj
 0007:000000a9       __76CD430D_winerror@h      00000001800410a9     stuhfl_sl.obj
 0007:000000aa       __737D49DB_winbase@h       00000001800410aa     stuhfl_sl.obj
 0007:000000ab       __0396F1A5_stralign@h      00000001800410ab     stuhfl_sl.obj
 0007:000000ac       __4A8A0C19_stuhfl_sl@c     00000001800410ac     stuhfl_sl.obj
 0009:00000170       $R000000                   0000000180043170     * linker generated manifest res *
